Component: ARM Compiler 5.06 update 6 (build 750) Tool: armlink [4d35ed]

==============================================================================

Section Cross References

    startup_stm32f10x_hd.o(STACK) refers (Special) to heapauxi.o(.text) for __use_two_region_memory
    startup_stm32f10x_hd.o(HEAP) refers (Special) to heapauxi.o(.text) for __use_two_region_memory
    startup_stm32f10x_hd.o(RESET) refers (Special) to heapauxi.o(.text) for __use_two_region_memory
    startup_stm32f10x_hd.o(RESET) refers to startup_stm32f10x_hd.o(STACK) for __initial_sp
    startup_stm32f10x_hd.o(RESET) refers to startup_stm32f10x_hd.o(.text) for Reset_Handler
    startup_stm32f10x_hd.o(RESET) refers to stm32f10x_it.o(.text) for NMI_Handler
    startup_stm32f10x_hd.o(.text) refers (Special) to heapauxi.o(.text) for __use_two_region_memory
    startup_stm32f10x_hd.o(.text) refers to system_stm32f10x.o(.text) for SystemInit
    startup_stm32f10x_hd.o(.text) refers to __main.o(!!!main) for __main
    startup_stm32f10x_hd.o(.text) refers to startup_stm32f10x_hd.o(HEAP) for Heap_Mem
    startup_stm32f10x_hd.o(.text) refers to startup_stm32f10x_hd.o(STACK) for Stack_Mem
    stm32f10x_adc.o(.text) refers to stm32f10x_rcc.o(.text) for RCC_APB2PeriphResetCmd
    stm32f10x_bkp.o(.text) refers to stm32f10x_rcc.o(.text) for RCC_BackupResetCmd
    stm32f10x_can.o(.text) refers to stm32f10x_rcc.o(.text) for RCC_APB1PeriphResetCmd
    stm32f10x_cec.o(.text) refers to stm32f10x_rcc.o(.text) for RCC_APB1PeriphResetCmd
    stm32f10x_dac.o(.text) refers to stm32f10x_rcc.o(.text) for RCC_APB1PeriphResetCmd
    stm32f10x_gpio.o(.text) refers to stm32f10x_rcc.o(.text) for RCC_APB2PeriphResetCmd
    stm32f10x_i2c.o(.text) refers to stm32f10x_rcc.o(.text) for RCC_APB1PeriphResetCmd
    stm32f10x_pwr.o(.text) refers to stm32f10x_rcc.o(.text) for RCC_APB1PeriphResetCmd
    stm32f10x_rcc.o(.text) refers to stm32f10x_rcc.o(.data) for APBAHBPrescTable
    stm32f10x_spi.o(.text) refers to stm32f10x_rcc.o(.text) for RCC_APB2PeriphResetCmd
    stm32f10x_tim.o(.text) refers to stm32f10x_rcc.o(.text) for RCC_APB2PeriphResetCmd
    stm32f10x_usart.o(.text) refers to stm32f10x_rcc.o(.text) for RCC_APB2PeriphResetCmd
    stm32f10x_wwdg.o(.text) refers to stm32f10x_rcc.o(.text) for RCC_APB1PeriphResetCmd
    main.o(.text) refers to clock.o(.text) for RCC_Configuration
    main.o(.text) refers to bsp_systick.o(.text) for SysTick_Init
    main.o(.text) refers to gpio.o(.text) for GPIO_Conf
    main.o(.text) refers to dac.o(.text) for AD5541_GPIOCoing
    main.o(.text) refers to ad7655.o(.text) for bsp_InitAD7606
    main.o(.text) refers to tim6.o(.text) for TIM6_Config
    main.o(.text) refers to adc.o(.text) for ADC1_DMA_Init
    main.o(.text) refers to iic_24c01.o(.text) for i2c_CfgGpio
    main.o(.text) refers to flash.o(.text) for EEPROM_READ_Coeff
    main.o(.text) refers to usart.o(.text) for USART2_Configuration
    main.o(.text) refers to iwdg.o(.text) for IWDG_Inte
    main.o(.text) refers to stm32f10x_iwdg.o(.text) for IWDG_ReloadCounter
    main.o(.text) refers to modbus.o(.text) for Transformation_ADC
    main.o(.text) refers to fan_pro.o(.text) for All_protect
    main.o(.text) refers to menu.o(.text) for worke_mode
    main.o(.text) refers to modbus.o(.data) for Contr_DACVlue
    main.o(.text) refers to ad7655.o(.data) for Current_VPP
    main.o(.text) refers to main.o(.data) for flagA
    stm32f10x_it.o(.text) refers to bsp_systick.o(.text) for TimingDelay_Decrement
    stm32f10x_it.o(.text) refers to stm32f10x_usart.o(.text) for USART_GetITStatus
    stm32f10x_it.o(.text) refers to modbus.o(.text) for UART_Action
    stm32f10x_it.o(.text) refers to main.o(.data) for flagB
    stm32f10x_it.o(.text) refers to usart.o(.data) for t_USART
    stm32f10x_it.o(.text) refers to usart.o(.bss) for UART_Buffer_Rece
    stm32f10x_it.o(.text) refers to stm32f10x_tim.o(.text) for TIM_ClearITPendingBit
    stm32f10x_it.o(.text) refers to stm32f10x_dma.o(.text) for DMA_ClearITPendingBit
    stm32f10x_it.o(.text) refers to modbus.o(.bss) for Run_Control
    stm32f10x_it.o(.text) refers to stm32f10x_it.o(.data) for dynaflagA
    system_stm32f10x.o(.text) refers to system_stm32f10x.o(.data) for SystemCoreClock
    adc.o(.text) refers to misc.o(.text) for NVIC_Init
    adc.o(.text) refers to stm32f10x_adc.o(.text) for ADC_DeInit
    adc.o(.text) refers to stm32f10x_rcc.o(.text) for RCC_APB2PeriphClockCmd
    adc.o(.text) refers to stm32f10x_gpio.o(.text) for GPIO_Init
    adc.o(.text) refers to stm32f10x_dma.o(.text) for DMA_DeInit
    adc.o(.text) refers to adc.o(.bss) for ADC1_Buffer
    adc.o(.text) refers to adc.o(.data) for a
    at24c01.o(.text) refers to iic_24c01.o(.text) for i2c_CheckDevice
    at24c01.o(.text) refers to at24c01.o(.data) for date
    beep.o(.text) refers to main.o(.data) for flagA
    beep.o(.text) refers to beep.o(.data) for t_0_5S
    bsp_systick.o(.text) refers to system_stm32f10x.o(.data) for SystemCoreClock
[...]
    ..\drive\clock.c                         0x00000000   Number         0  clock.o ABSOLUTE
    ..\drive\flash.c                         0x00000000   Number         0  flash.o ABSOLUTE
    ..\drive\iwdg.c                          0x00000000   Number         0  iwdg.o ABSOLUTE
    ..\drive\key.c                           0x00000000   Number         0  key.o ABSOLUTE
    ..\drive\me_scpi.c                       0x00000000   Number         0  me_scpi.o ABSOLUTE
    ..\drive\modbus.c                        0x00000000   Number         0  modbus.o ABSOLUTE
    ..\drive\usart.c                         0x00000000   Number         0  usart.o ABSOLUTE
    dc.s                                     0x00000000   Number         0  dc.o ABSOLUTE
    RESET                                    0x08000000   Section      304  startup_stm32f10x_hd.o(RESET)
    !!!main                                  0x08000130   Section        8  __main.o(!!!main)
    !!!scatter                               0x08000138   Section       52  __scatter.o(!!!scatter)
    !!handler_copy                           0x0800016c   Section       26  __scatter_copy.o(!!handler_copy)
    !!handler_zi                             0x08000188   Section       28  __scatter_zi.o(!!handler_zi)
    .ARM.Collect$$libinit$$00000000          0x080001a4   Section        2  libinit.o(.ARM.Collect$$libinit$$00000000)
    .ARM.Collect$$libinit$$00000002          0x080001a6   Section        0  libinit2.o(.ARM.Collect$$libinit$$00000002)
    .ARM.Collect$$libinit$$00000004          0x080001a6   Section        0  libinit2.o(.ARM.Collect$$libinit$$00000004)
    .ARM.Collect$$libinit$$0000000A          0x080001a6   Section        0  libinit2.o(.ARM.Collect$$libinit$$0000000A)
    .ARM.Collect$$libinit$$0000000C          0x080001a6   Section        0  libinit2.o(.ARM.Collect$$libinit$$0000000C)
    .ARM.Collect$$libinit$$0000000E          0x080001a6   Section        0  libinit2.o(.ARM.Collect$$libinit$$0000000E)
    .ARM.Collect$$libinit$$00000011          0x080001a6   Section        0  libinit2.o(.ARM.Collect$$libinit$$00000011)
    .ARM.Collect$$libinit$$00000013          0x080001a6   Section        0  libinit2.o(.ARM.Collect$$libinit$$00000013)
    .ARM.Collect$$libinit$$00000015          0x080001a6   Section        0  libinit2.o(.ARM.Collect$$libinit$$00000015)
    .ARM.Collect$$libinit$$00000017          0x080001a6   Section        0  libinit2.o(.ARM.Collect$$libinit$$00000017)
    .ARM.Collect$$libinit$$00000019          0x080001a6   Section        0  libinit2.o(.ARM.Collect$$libinit$$00000019)
    .ARM.Collect$$libinit$$0000001B          0x080001a6   Section        0  libinit2.o(.ARM.Collect$$libinit$$0000001B)
    .ARM.Collect$$libinit$$0000001D          0x080001a6   Section        0  libinit2.o(.ARM.Collect$$libinit$$0000001D)
    .ARM.Collect$$libinit$$0000001F          0x080001a6   Section        0  libinit2.o(.ARM.Collect$$libinit$$0000001F)
    .ARM.Collect$$libinit$$00000021          0x080001a6   Section        0  libinit2.o(.ARM.Collect$$libinit$$00000021)
    .ARM.Collect$$libinit$$00000023          0x080001a6   Section        0  libinit2.o(.ARM.Collect$$libinit$$00000023)
    .ARM.Collect$$libinit$$00000025          0x080001a6   Section        0  libinit2.o(.ARM.Collect$$libinit$$00000025)
    .ARM.Collect$$libinit$$0000002C          0x080001a6   Section        0  libinit2.o(.ARM.Collect$$libinit$$0000002C)
    .ARM.Collect$$libinit$$0000002E          0x080001a6   Section        0  libinit2.o(.ARM.Collect$$libinit$$0000002E)
    .ARM.Collect$$libinit$$00000030          0x080001a6   Section        0  libinit2.o(.ARM.Collect$$libinit$$00000030)
    .ARM.Collect$$libinit$$00000032          0x080001a6   Section        0  libinit2.o(.ARM.Collect$$libinit$$00000032)
    .ARM.Collect$$libinit$$00000033          0x080001a6   Section        2  libinit2.o(.ARM.Collect$$libinit$$00000033)
    .ARM.Collect$$libshutdown$$00000000      0x080001a8   Section        2  libshutdown.o(.ARM.Collect$$libshutdown$$00000000)
    .ARM.Collect$$libshutdown$$00000002      0x080001aa   Section        0  libshutdown2.o(.ARM.Collect$$libshutdown$$00000002)
    .ARM.Collect$$libshutdown$$00000004      0x080001aa   Section        0  libshutdown2.o(.ARM.Collect$$libshutdown$$00000004)
    .ARM.Collect$$libshutdown$$00000007      0x080001aa   Section        0  libshutdown2.o(.ARM.Collect$$libshutdown$$00000007)
    .ARM.Collect$$libshutdown$$0000000A      0x080001aa   Section        0  libshutdown2.o(.ARM.Collect$$libshutdown$$0000000A)
    .ARM.Collect$$libshutdown$$0000000C      0x080001aa   Section        0  libshutdown2.o(.ARM.Collect$$libshutdown$$0000000C)
    .ARM.Collect$$libshutdown$$0000000F      0x080001aa   Section        0  libshutdown2.o(.ARM.Collect$$libshutdown$$0000000F)
    .ARM.Collect$$libshutdown$$00000010      0x080001aa   Section        2  libshutdown2.o(.ARM.Collect$$libshutdown$$00000010)
    .ARM.Collect$$rtentry$$00000000          0x080001ac   Section        0  __rtentry.o(.ARM.Collect$$rtentry$$00000000)
    .ARM.Collect$$rtentry$$00000002          0x080001ac   Section        0  __rtentry2.o(.ARM.Collect$$rtentry$$00000002)
    .ARM.Collect$$rtentry$$00000004          0x080001ac   Section        6  __rtentry4.o(.ARM.Collect$$rtentry$$00000004)
    .ARM.Collect$$rtentry$$00000009          0x080001b2   Section        0  __rtentry2.o(.ARM.Collect$$rtentry$$00000009)
    .ARM.Collect$$rtentry$$0000000A          0x080001b2   Section        4  __rtentry2.o(.ARM.Collect$$rtentry$$0000000A)
    .ARM.Collect$$rtentry$$0000000C          0x080001b6   Section        0  __rtentry2.o(.ARM.Collect$$rtentry$$0000000C)
    .ARM.Collect$$rtentry$$0000000D          0x080001b6   Section        8  __rtentry2.o(.ARM.Collect$$rtentry$$0000000D)
    .ARM.Collect$$rtexit$$00000000           0x080001be   Section        2  rtexit.o(.ARM.Collect$$rtexit$$00000000)
    .ARM.Collect$$rtexit$$00000002           0x080001c0   Section        0  rtexit2.o(.ARM.Collect$$rtexit$$00000002)
    .ARM.Collect$$rtexit$$00000003           0x080001c0   Section        4  rtexit2.o(.ARM.Collect$$rtexit$$00000003)
    .ARM.Collect$$rtexit$$00000004           0x080001c4   Section        6  rtexit2.o(.ARM.Collect$$rtexit$$00000004)
    .text                                    0x080001cc   Section       64  startup_stm32f10x_hd.o(.text)
    .text                                    0x0800020c   Section        0  misc.o(.text)
    .text                                    0x080002e8   Section        0  stm32f10x_adc.o(.text)
    .text                                    0x08000738   Section        0  stm32f10x_dma.o(.text)
    .text                                    0x0800098c   Section        0  stm32f10x_flash.o(.text)
    .text                                    0x08000f48   Section        0  stm32f10x_fsmc.o(.text)
    .text                                    0x08001554   Section        0  stm32f10x_gpio.o(.text)
    .text                                    0x080018b0   Section        0  stm32f10x_iwdg.o(.text)
    .text                                    0x080018f0   Section        0  stm32f10x_rcc.o(.text)
    .text                                    0x08001c94   Section        0  stm32f10x_tim.o(.text)
    TI4_Config                               0x0800213b   Thumb Code   130  stm32f10x_tim.o(.text)
    TI3_Config                               0x080021cf   Thumb Code   122  stm32f10x_tim.o(.text)
    TI2_Config                               0x08002263   Thumb Code   130  stm32f10x_tim.o(.text)
    TI1_Config                               0x080022f7   Thumb Code   108  stm32f10x_tim.o(.text)
    .text                                    0x08002ab0   Section        0  stm32f10x_usart.o(.text)
    .text                                    0x08002eb8   Section        0  main.o(.text)
    .text                                    0x08002f48   Section        0  stm32f10x_it.o(.text)
    .text                                    0x0800353c   Section        0  system_stm32f10x.o(.text)
    SetSysClockTo72                          0x0800353d   Thumb Code   214  system_stm32f10x.o(.text)
    SetSysClock                              0x08003613   Thumb Code     8  system_stm32f10x.o(.text)
    .text                                    0x0800371c   Section        0  adc.o(.text)
    .text                                    0x08003968   Section        0  at24c01.o(.text)
    ee_Delay                                 0x08003bb1   Thumb Code    18  at24c01.o(.text)
    .text                                    0x08003bc8   Section        0  bsp_systick.o(.text)
    .text                                    0x08003c7c   Section        0  clock.o(.text)
    .text                                    0x08003cf0   Section        0  dac.o(.text)
    .text                                    0x08003df4   Section        0  flash.o(.text)
    .text                                    0x08007254   Section        0  gpio.o(.text)
    .text                                    0x08007338   Section        0  iic_24c01.o(.text)
    i2c_Delay                                0x08007339   Thumb Code    28  iic_24c01.o(.text)
    .text                                    0x08007574   Section        0  iwdg.o(.text)
    .text                                    0x08007594   Section        0  modbus.o(.text)
    .text                                    0x0800b78c   Section        0  tim6.o(.text)
    TIM6_NVIC_Config                         0x0800b78d   Thumb Code    30  tim6.o(.text)
    .text                                    0x0800b7fc   Section        0  usart.o(.text)
    USART1_NVIC_Config                       0x0800b7fd   Thumb Code   100  usart.o(.text)
    .text                                    0x0800bc68   Section        0  ad7655.o(.text)
    AD7606_FSMCConfig                        0x0800bcbd   Thumb Code   100  ad7655.o(.text)
    AD7606_CtrlLinesConfig                   0x0800bd21   Thumb Code   190  ad7655.o(.text)
    i2c_Delay                                0x0800be97   Thumb Code    34  ad7655.o(.text)
    .text                                    0x0800c230   Section        0  fan_pro.o(.text)
    .text                                    0x0800c4f8   Section        0  menu.o(.text)
    .text                                    0x0800cba4   Section        2  use_no_semi_2.o(.text)
    .text                                    0x0800cba6   Section        0  strlen.o(.text)
    .text                                    0x0800cbe4   Section        0  heapauxi.o(.text)
    .text                                    0x0800cbea   Section        2  use_no_semi.o(.text)
    .text                                    0x0800cbec   Section        8  libspace.o(.text)
    .text                                    0x0800cbf4   Section       74  sys_stackheap_outer.o(.text)
    .text                                    0x0800cc3e   Section        0  exit.o(.text)
    x$fpl$fdiv                               0x0800cc50   Section      388  fdiv.o(x$fpl$fdiv)
    _fdiv1                                   0x0800cc51   Thumb Code     0  fdiv.o(x$fpl$fdiv)
    x$fpl$ffixu                              0x0800cdd4   Section       62  ffixu.o(x$fpl$ffixu)
    x$fpl$ffltu                              0x0800ce14   Section       38  fflt_clz.o(x$fpl$ffltu)
    x$fpl$fmul                               0x0800ce3c   Section      258  fmul.o(x$fpl$fmul)
    x$fpl$fnaninf                            0x0800cf3e   Section      140  fnaninf.o(x$fpl$fnaninf)
    x$fpl$fretinf                            0x0800cfca   Section       10  fretinf.o(x$fpl$fretinf)
    x$fpl$usenofp                            0x0800cfd4   Section        0  usenofp.o(x$fpl$usenofp)
    .data                                    0x20000000   Section       20  stm32f10x_rcc.o(.data)
    APBAHBPrescTable                         0x20000000   Data          16  stm32f10x_rcc.o(.data)
    ADCPrescTable                            0x20000010   Data           4  stm32f10x_rcc.o(.data)
    .data                                    0x20000014   Section       32  main.o(.data)
    .data                                    0x20000034   Section       13  stm32f10x_it.o(.data)
    .data                                    0x20000044   Section       20  system_stm32f10x.o(.data)
    .data                                    0x20000058   Section       12  adc.o(.data)
    a                                        0x20000062   Data           1  adc.o(.data)
    b                                        0x20000063   Data           1  adc.o(.data)
    .data                                    0x20000064   Section        1  at24c01.o(.data)
    date                                     0x20000064   Data           1  at24c01.o(.data)
    .data                                    0x20000068   Section        4  bsp_systick.o(.data)
    TimingDelay                              0x20000068   Data           4  bsp_systick.o(.data)
    .data                                    0x2000006c   Section        1  clock.o(.data)
    .data                                    0x20000070   Section        4  flash.o(.data)
    .data                                    0x20000074   Section       54  modbus.o(.data)
    .data                                    0x200000ac   Section        8  usart.o(.data)
    .data                                    0x200000b4   Section       24  ad7655.o(.data)
    step                                     0x200000c1   Data           1  ad7655.o(.data)
    Vcount                                   0x200000c2   Data           2  ad7655.o(.data)
    Acount                                   0x200000c4   Data           2  ad7655.o(.data)
    step                                     0x200000c6   Data           1  ad7655.o(.data)
    I_cont                                   0x200000c8   Data           2  ad7655.o(.data)
    V_cont                                   0x200000ca   Data           2  ad7655.o(.data)
    .data                                    0x200000cc   Section       14  fan_pro.o(.data)
    .data                                    0x200000dc   Section        8  menu.o(.data)
    LED_ON_V                                 0x200000e0   Data           4  menu.o(.data)
    .data                                    0x200000e4   Section        1  me_scpi.o(.data)
    .bss                                     0x200000e8   Section      400  adc.o(.bss)
    .bss                                     0x20000278   Section      484  modbus.o(.bss)
    .bss                                     0x2000045c   Section      220  usart.o(.bss)
    .bss                                     0x20000538   Section    10124  ad7655.o(.bss)
    Vadc_buff                                0x20001d24   Data        2000  ad7655.o(.bss)
    Aadc_buff                                0x200024f4   Data        2000  ad7655.o(.bss)
    .bss                                     0x20002cc4   Section       96  libspace.o(.bss)
    HEAP                                     0x20002d28   Section      512  startup_stm32f10x_hd.o(HEAP)
    Heap_Mem                                 0x20002d28   Data         512  startup_stm32f10x_hd.o(HEAP)
    STACK                                    0x20002f28   Section     2048  startup_stm32f10x_hd.o(STACK)
    Stack_Mem                                0x20002f28   Data        2048  startup_stm32f10x_hd.o(STACK)
    __initial_sp                             0x20003728   Data           0  startup_stm32f10x_hd.o(STACK)

    Global Symbols

    Symbol Name                              Value     Ov Type        Size  Object(Section)

    BuildAttributes$$THM_ISAv4$P$D$K$B$S$PE$A:L22UL41UL21$X:L11$S22US41US21$IEEE1$IW$USESV6$~STKCKD$USESV7$~SHL$OTIME$ROPI$IEEEJ$EBA8$UX$STANDARDLIB$REQ8$PRES8$EABIv2 0x00000000   Number         0  anon$$obj.o ABSOLUTE
    __ARM_use_no_argv                        0x00000000   Number         0  main.o ABSOLUTE
    _printf_flags                            0x00000000   Number         0  printf_stubs.o ABSOLUTE
    _printf_return_value                     0x00000000   Number         0  printf_stubs.o ABSOLUTE
    _printf_sizespec                         0x00000000   Number         0  printf_stubs.o ABSOLUTE
    _printf_widthprec                        0x00000000   Number         0  printf_stubs.o ABSOLUTE
    __ARM_exceptions_init                     - Undefined Weak Reference
    __alloca_initialize                       - Undefined Weak Reference
    __arm_preinit_                            - Undefined Weak Reference
    __cpp_initialize__aeabi_                  - Undefined Weak Reference
    __cxa_finalize                            - Undefined Weak Reference
    __sigvec_lookup                           - Undefined Weak Reference
    _atexit_init                              - Undefined Weak Reference
    _call_atexit_fns                          - Undefined Weak Reference
    _clock_init                               - Undefined Weak Reference
    _fp_trap_init                             - Undefined Weak Reference
    _fp_trap_shutdown                         - Undefined Weak Reference
    _get_lc_collate                           - Undefined Weak Reference
    _get_lc_monetary                          - Undefined Weak Reference
    _get_lc_time                              - Undefined Weak Reference
    _getenv_init                              - Undefined Weak Reference
    _handle_redirection                       - Undefined Weak Reference
    _init_alloc                               - Undefined Weak Reference
    _init_user_alloc                          - Undefined Weak Reference
    _initio                                   - Undefined Weak Reference
    _mutex_acquire                            - Undefined Weak Reference
    _mutex_release                            - Undefined Weak Reference
    _printf_post_padding                      - Undefined Weak Reference
    _printf_pre_padding                       - Undefined Weak Reference
    _printf_truncate_signed                   - Undefined Weak Reference
    _printf_truncate_unsigned                 - Undefined Weak Reference
    _rand_init                                - Undefined Weak Reference
    _signal_finish                            - Undefined Weak Reference
    _signal_init                              - Undefined Weak Reference
    _terminate_alloc                          - Undefined Weak Reference
    _terminate_user_alloc                     - Undefined Weak Reference
    _terminateio                              - Undefined Weak Reference
    __Vectors_Size                           0x00000130   Number         0  startup_stm32f10x_hd.o ABSOLUTE
    __Vectors                                0x08000000   Data           4  startup_stm32f10x_hd.o(RESET)
    __Vectors_End                            0x08000130   Data           0  startup_stm32f10x_hd.o(RESET)
    __main                                   0x08000131   Thumb Code     8  __main.o(!!!main)
    __scatterload                            0x08000139   Thumb Code     0  __scatter.o(!!!scatter)
    __scatterload_rt2                        0x08000139   Thumb Code    44  __scatter.o(!!!scatter)
    __scatterload_rt2_thumb_only             0x08000139   Thumb Code     0  __scatter.o(!!!scatter)
    __scatterload_null                       0x08000147   Thumb Code     0  __scatter.o(!!!scatter)
    __scatterload_copy                       0x0800016d   Thumb Code    26  __scatter_copy.o(!!handler_copy)
    __scatterload_zeroinit                   0x08000189   Thumb Code    28  __scatter_zi.o(!!handler_zi)
    __rt_lib_init                            0x080001a5   Thumb Code     0  libinit.o(.ARM.Collect$$libinit$$00000000)
    __rt_lib_init_alloca_1                   0x080001a7   Thumb Code     0  libinit2.o(.ARM.Collect$$libinit$$0000002E)
    __rt_lib_init_argv_1                     0x080001a7   Thumb Code     0  libinit2.o(.ARM.Collect$$libinit$$0000002C)
    __rt_lib_init_atexit_1                   0x080001a7   Thumb Code     0  libinit2.o(.ARM.Collect$$libinit$$0000001B)
    __rt_lib_init_clock_1                    0x080001a7   Thumb Code     0  libinit2.o(.ARM.Collect$$libinit$$00000021)
    __rt_lib_init_cpp_1                      0x080001a7   Thumb Code     0  libinit2.o(.ARM.Collect$$libinit$$00000032)
    __rt_lib_init_exceptions_1               0x080001a7   Thumb Code     0  libinit2.o(.ARM.Collect$$libinit$$00000030)
    __rt_lib_init_fp_1                       0x080001a7   Thumb Code     0  libinit2.o(.ARM.Collect$$libinit$$00000002)
    __rt_lib_init_fp_trap_1                  0x080001a7   Thumb Code     0  libinit2.o(.ARM.Collect$$libinit$$0000001F)
    __rt_lib_init_getenv_1                   0x080001a7   Thumb Code     0  libinit2.o(.ARM.Collect$$libinit$$00000023)
    __rt_lib_init_heap_1                     0x080001a7   Thumb Code     0  libinit2.o(.ARM.Collect$$libinit$$0000000A)
    __rt_lib_init_lc_collate_1               0x080001a7   Thumb Code     0  libinit2.o(.ARM.Collect$$libinit$$00000011)
    __rt_lib_init_lc_ctype_1                 0x080001a7   Thumb Code     0  libinit2.o(.ARM.Collect$$libinit$$00000013)
    __rt_lib_init_lc_monetary_1              0x080001a7   Thumb Code     0  libinit2.o(.ARM.Collect$$libinit$$00000015)
    __rt_lib_init_lc_numeric_1               0x080001a7   Thumb Code     0  libinit2.o(.ARM.Collect$$libinit$$00000017)
    __rt_lib_init_lc_time_1                  0x080001a7   Thumb Code     0  libinit2.o(.ARM.Collect$$libinit$$00000019)
    __rt_lib_init_preinit_1                  0x080001a7   Thumb Code     0  libinit2.o(.ARM.Collect$$libinit$$00000004)
    __rt_lib_init_rand_1                     0x080001a7   Thumb Code     0  libinit2.o(.ARM.Collect$$libinit$$0000000E)
    __rt_lib_init_return                     0x080001a7   Thumb Code     0  libinit2.o(.ARM.Collect$$libinit$$00000033)
    __rt_lib_init_signal_1                   0x080001a7   Thumb Code     0  libinit2.o(.ARM.Collect$$libinit$$0000001D)
    __rt_lib_init_stdio_1                    0x080001a7   Thumb Code     0  libinit2.o(.ARM.Collect$$libinit$$00000025)
    __rt_lib_init_user_alloc_1               0x080001a7   Thumb Code     0  libinit2.o(.ARM.Collect$$libinit$$0000000C)
    __rt_lib_shutdown                        0x080001a9   Thumb Code     0  libshutdown.o(.ARM.Collect$$libshutdown$$00000000)
    __rt_lib_shutdown_cpp_1                  0x080001ab   Thumb Code     0  libshutdown2.o(.ARM.Collect$$libshutdown$$00000002)
    __rt_lib_shutdown_fp_trap_1              0x080001ab   Thumb Code     0  libshutdown2.o(.ARM.Collect$$libshutdown$$00000007)
    __rt_lib_shutdown_heap_1                 0x080001ab   Thumb Code     0  libshutdown2.o(.ARM.Collect$$libshutdown$$0000000F)
    __rt_lib_shutdown_return                 0x080001ab   Thumb Code     0  libshutdown2.o(.ARM.Collect$$libshutdown$$00000010)
    __rt_lib_shutdown_signal_1               0x080001ab   Thumb Code     0  libshutdown2.o(.ARM.Collect$$libshutdown$$0000000A)
    __rt_lib_shutdown_stdio_1                0x080001ab   Thumb Code     0  libshutdown2.o(.ARM.Collect$$libshutdown$$00000004)
    __rt_lib_shutdown_user_alloc_1           0x080001ab   Thumb Code     0  libshutdown2.o(.ARM.Collect$$libshutdown$$0000000C)
    __rt_entry                               0x080001ad   Thumb Code     0  __rtentry.o(.ARM.Collect$$rtentry$$00000000)
    __rt_entry_presh_1                       0x080001ad   Thumb Code     0  __rtentry2.o(.ARM.Collect$$rtentry$$00000002)
    __rt_entry_sh                            0x080001ad   Thumb Code     0  __rtentry4.o(.ARM.Collect$$rtentry$$00000004)
    __rt_entry_li                            0x080001b3   Thumb Code     0  __rtentry2.o(.ARM.Collect$$rtentry$$0000000A)
    __rt_entry_postsh_1                      0x080001b3   Thumb Code     0  __rtentry2.o(.ARM.Collect$$rtentry$$00000009)
    __rt_entry_main                          0x080001b7   Thumb Code     0  __rtentry2.o(.ARM.Collect$$rtentry$$0000000D)
    __rt_entry_postli_1                      0x080001b7   Thumb Code     0  __rtentry2.o(.ARM.Collect$$rtentry$$0000000C)
    __rt_exit                                0x080001bf   Thumb Code     0  rtexit.o(.ARM.Collect$$rtexit$$00000000)
    __rt_exit_ls                             0x080001c1   Thumb Code     0  rtexit2.o(.ARM.Collect$$rtexit$$00000003)
    __rt_exit_prels_1                        0x080001c1   Thumb Code     0  rtexit2.o(.ARM.Collect$$rtexit$$00000002)
    __rt_exit_exit                           0x080001c5   Thumb Code     0  rtexit2.o(.ARM.Collect$$rtexit$$00000004)
    Reset_Handler                            0x080001cd   Thumb Code     8  startup_stm32f10x_hd.o(.text)
    PendSV_Handler                           0x080001e3   Thumb Code     2  startup_stm32f10x_hd.o(.text)
    ADC1_2_IRQHandler                        0x080001e7   Thumb Code     0  startup_stm32f10x_hd.o(.text)
    ADC3_IRQHandler                          0x080001e7   Thumb Code     0  startup_stm32f10x_hd.o(.text)
    CAN1_RX1_IRQHandler                      0x080001e7   Thumb Code     0  startup_stm32f10x_hd.o(.text)
    CAN1_SCE_IRQHandler                      0x080001e7   Thumb Code     0  startup_stm32f10x_hd.o(.text)
    DMA1_Channel3_IRQHandler                 0x080001e7   Thumb Code     0  startup_stm32f10x_hd.o(.text)
    DMA1_Channel4_IRQHandler                 0x080001e7   Thumb Code     0  startup_stm32f10x_hd.o(.text)
    DMA1_Channel5_IRQHandler                 0x080001e7   Thumb Code     0  startup_stm32f10x_hd.o(.text)
    DMA1_Channel6_IRQHandler                 0x080001e7   Thumb Code     0  startup_stm32f10x_hd.o(.text)
    DMA1_Channel7_IRQHandler                 0x080001e7   Thumb Code     0  startup_stm32f10x_hd.o(.text)
    DMA2_Channel1_IRQHandler                 0x080001e7   Thumb Code     0  startup_stm32f10x_hd.o(.text)
    DMA2_Channel2_IRQHandler                 0x080001e7   Thumb Code     0  startup_stm32f10x_hd.o(.text)
    DMA2_Channel3_IRQHandler                 0x080001e7   Thumb Code     0  startup_stm32f10x_hd.o(.text)
    DMA2_Channel4_5_IRQHandler               0x080001e7   Thumb Code     0  startup_stm32f10x_hd.o(.text)
    EXTI0_IRQHandler                         0x080001e7   Thumb Code     0  startup_stm32f10x_hd.o(.text)
    EXTI15_10_IRQHandler                     0x080001e7   Thumb Code     0  startup_stm32f10x_hd.o(.text)
    EXTI1_IRQHandler                         0x080001e7   Thumb Code     0  startup_stm32f10x_hd.o(.text)
    EXTI2_IRQHandler                         0x080001e7   Thumb Code     0  startup_stm32f10x_hd.o(.text)
    EXTI3_IRQHandler                         0x080001e7   Thumb Code     0  startup_stm32f10x_hd.o(.text)
    EXTI4_IRQHandler                         0x080001e7   Thumb Code     0  startup_stm32f10x_hd.o(.text)
    EXTI9_5_IRQHandler                       0x080001e7   Thumb Code     0  startup_stm32f10x_hd.o(.text)
    FLASH_IRQHandler                         0x080001e7   Thumb Code     0  startup_stm32f10x_hd.o(.text)
    FSMC_IRQHandler                          0x080001e7   Thumb Code     0  startup_stm32f10x_hd.o(.text)
    I2C1_ER_IRQHandler                       0x080001e7   Thumb Code     0  startup_stm32f10x_hd.o(.text)
    I2C1_EV_IRQHandler                       0x080001e7   Thumb Code     0  startup_stm32f10x_hd.o(.text)
    I2C2_ER_IRQHandler                       0x080001e7   Thumb Code     0  startup_stm32f10x_hd.o(.text)
    I2C2_EV_IRQHandler                       0x080001e7   Thumb Code     0  startup_stm32f10x_hd.o(.text)
    PVD_IRQHandler                           0x080001e7   Thumb Code     0  startup_stm32f10x_hd.o(.text)
    RCC_IRQHandler                           0x080001e7   Thumb Code     0  startup_stm32f10x_hd.o(.text)
    RTCAlarm_IRQHandler                      0x080001e7   Thumb Code     0  startup_stm32f10x_hd.o(.text)
    RTC_IRQHandler                           0x080001e7   Thumb Code     0  startup_stm32f10x_hd.o(.text)
    SDIO_IRQHandler                          0x080001e7   Thumb Code     0  startup_stm32f10x_hd.o(.text)
    SPI1_IRQHandler                          0x080001e7   Thumb Code     0  startup_stm32f10x_hd.o(.text)
    SPI2_IRQHandler                          0x080001e7   Thumb Code     0  startup_stm32f10x_hd.o(.text)
    SPI3_IRQHandler                          0x080001e7   Thumb Code     0  startup_stm32f10x_hd.o(.text)
    TAMPER_IRQHandler                        0x080001e7   Thumb Code     0  startup_stm32f10x_hd.o(.text)
    TIM1_BRK_IRQHandler                      0x080001e7   Thumb Code     0  startup_stm32f10x_hd.o(.text)
    TIM1_CC_IRQHandler                       0x080001e7   Thumb Code     0  startup_stm32f10x_hd.o(.text)
    TIM1_TRG_COM_IRQHandler                  0x080001e7   Thumb Code     0  startup_stm32f10x_hd.o(.text)
    TIM1_UP_IRQHandler                       0x080001e7   Thumb Code     0  startup_stm32f10x_hd.o(.text)
    TIM2_IRQHandler                          0x080001e7   Thumb Code     0  startup_stm32f10x_hd.o(.text)
    TIM3_IRQHandler                          0x080001e7   Thumb Code     0  startup_stm32f10x_hd.o(.text)
    TIM4_IRQHandler                          0x080001e7   Thumb Code     0  startup_stm32f10x_hd.o(.text)
    TIM5_IRQHandler                          0x080001e7   Thumb Code     0  startup_stm32f10x_hd.o(.text)
    TIM7_IRQHandler                          0x080001e7   Thumb Code     0  startup_stm32f10x_hd.o(.text)
    TIM8_BRK_IRQHandler                      0x080001e7   Thumb Code     0  startup_stm32f10x_hd.o(.text)
    TIM8_CC_IRQHandler                       0x080001e7   Thumb Code     0  startup_stm32f10x_hd.o(.text)
    TIM8_TRG_COM_IRQHandler                  0x080001e7   Thumb Code     0  startup_stm32f10x_hd.o(.text)
    TIM8_UP_IRQHandler                       0x080001e7   Thumb Code     0  startup_stm32f10x_hd.o(.text)
    UART4_IRQHandler                         0x080001e7   Thumb Code     0  startup_stm32f10x_hd.o(.text)
    UART5_IRQHandler                         0x080001e7   Thumb Code     0  startup_stm32f10x_hd.o(.text)
    USBWakeUp_IRQHandler                     0x080001e7   Thumb Code     0  startup_stm32f10x_hd.o(.text)
    USB_HP_CAN1_TX_IRQHandler                0x080001e7   Thumb Code     0  startup_stm32f10x_hd.o(.text)
    USB_LP_CAN1_RX0_IRQHandler               0x080001e7   Thumb Code     0  startup_stm32f10x_hd.o(.text)
    WWDG_IRQHandler                          0x080001e7   Thumb Code     0  startup_stm32f10x_hd.o(.text)
    __user_initial_stackheap                 0x080001e9   Thumb Code     0  startup_stm32f10x_hd.o(.text)
    NVIC_PriorityGroupConfig                 0x0800020d   Thumb Code    10  misc.o(.text)
    NVIC_Init                                0x08000217   Thumb Code   100  misc.o(.text)
    NVIC_SetVectorTable                      0x0800027b   Thumb Code    14  misc.o(.text)
    NVIC_SystemLPConfig                      0x08000289   Thumb Code    34  misc.o(.text)
    SysTick_CLKSourceConfig                  0x080002ab   Thumb Code    40  misc.o(.text)
    ADC_DeInit                               0x080002e9   Thumb Code    78  stm32f10x_adc.o(.text)
    ADC_Init                                 0x08000337   Thumb Code    70  stm32f10x_adc.o(.text)
    ADC_StructInit                           0x0800037d   Thumb Code    18  stm32f10x_adc.o(.text)
    ADC_Cmd                                  0x0800038f   Thumb Code    22  stm32f10x_adc.o(.text)
    ADC_DMACmd                               0x080003a5   Thumb Code    22  stm32f10x_adc.o(.text)
    ADC_ITConfig                             0x080003bb   Thumb Code    24  stm32f10x_adc.o(.text)
    ADC_ResetCalibration                     0x080003d3   Thumb Code    10  stm32f10x_adc.o(.text)
    ADC_GetResetCalibrationStatus            0x080003dd   Thumb Code    20  stm32f10x_adc.o(.text)
    ADC_StartCalibration                     0x080003f1   Thumb Code    10  stm32f10x_adc.o(.text)
    ADC_GetCalibrationStatus                 0x080003fb   Thumb Code    20  stm32f10x_adc.o(.text)
    ADC_SoftwareStartConvCmd                 0x0800040f   Thumb Code    22  stm32f10x_adc.o(.text)
    ADC_GetSoftwareStartConvStatus           0x08000425   Thumb Code    20  stm32f10x_adc.o(.text)
    ADC_DiscModeChannelCountConfig           0x08000439   Thumb Code    24  stm32f10x_adc.o(.text)
    ADC_DiscModeCmd                          0x08000451   Thumb Code    22  stm32f10x_adc.o(.text)
    ADC_RegularChannelConfig                 0x08000467   Thumb Code   184  stm32f10x_adc.o(.text)
    ADC_ExternalTrigConvCmd                  0x0800051f   Thumb Code    22  stm32f10x_adc.o(.text)
    ADC_GetConversionValue                   0x08000535   Thumb Code     8  stm32f10x_adc.o(.text)
    ADC_GetDualModeConversionValue           0x0800053d   Thumb Code     8  stm32f10x_adc.o(.text)
    ADC_AutoInjectedConvCmd                  0x08000545   Thumb Code    22  stm32f10x_adc.o(.text)
    ADC_InjectedDiscModeCmd                  0x0800055b   Thumb Code    22  stm32f10x_adc.o(.text)
    ADC_ExternalTrigInjectedConvConfig       0x08000571   Thumb Code    16  stm32f10x_adc.o(.text)
    ADC_ExternalTrigInjectedConvCmd          0x08000581   Thumb Code    22  stm32f10x_adc.o(.text)
    ADC_SoftwareStartInjectedConvCmd         0x08000597   Thumb Code    22  stm32f10x_adc.o(.text)
    ADC_GetSoftwareStartInjectedConvCmdStatus 0x080005ad   Thumb Code    20  stm32f10x_adc.o(.text)
    ADC_InjectedChannelConfig                0x080005c1   Thumb Code   130  stm32f10x_adc.o(.text)
    ADC_InjectedSequencerLengthConfig        0x08000643   Thumb Code    24  stm32f10x_adc.o(.text)
    ADC_SetInjectedOffset                    0x0800065b   Thumb Code    20  stm32f10x_adc.o(.text)
    ADC_GetInjectedConversionValue           0x0800066f   Thumb Code    28  stm32f10x_adc.o(.text)
    ADC_AnalogWatchdogCmd                    0x0800068b   Thumb Code    16  stm32f10x_adc.o(.text)
    ADC_AnalogWatchdogThresholdsConfig       0x0800069b   Thumb Code     6  stm32f10x_adc.o(.text)
    ADC_AnalogWatchdogSingleChannelConfig    0x080006a1   Thumb Code    16  stm32f10x_adc.o(.text)
    ADC_TempSensorVrefintCmd                 0x080006b1   Thumb Code    64  stm32f10x_adc.o(.text)
    ADC_GetFlagStatus                        0x080006f1   Thumb Code    18  stm32f10x_adc.o(.text)
    ADC_ClearFlag                            0x08000703   Thumb Code     6  stm32f10x_adc.o(.text)
    ADC_GetITStatus                          0x08000709   Thumb Code    36  stm32f10x_adc.o(.text)
    ADC_ClearITPendingBit                    0x0800072d   Thumb Code    10  stm32f10x_adc.o(.text)
    DMA_DeInit                               0x08000739   Thumb Code   324  stm32f10x_dma.o(.text)
    DMA_Init                                 0x0800087d   Thumb Code    60  stm32f10x_dma.o(.text)
    DMA_StructInit                           0x080008b9   Thumb Code    26  stm32f10x_dma.o(.text)
    DMA_Cmd                                  0x080008d3   Thumb Code    24  stm32f10x_dma.o(.text)
    DMA_ITConfig                             0x080008eb   Thumb Code    18  stm32f10x_dma.o(.text)
    DMA_SetCurrDataCounter                   0x080008fd   Thumb Code     4  stm32f10x_dma.o(.text)
    DMA_GetCurrDataCounter                   0x08000901   Thumb Code     8  stm32f10x_dma.o(.text)
    DMA_GetFlagStatus                        0x08000909   Thumb Code    40  stm32f10x_dma.o(.text)
    DMA_ClearFlag                            0x08000931   Thumb Code    22  stm32f10x_dma.o(.text)
    DMA_GetITStatus                          0x08000947   Thumb Code    40  stm32f10x_dma.o(.text)
    DMA_ClearITPendingBit                    0x0800096f   Thumb Code    22  stm32f10x_dma.o(.text)
    FLASH_SetLatency                         0x0800098d   Thumb Code    18  stm32f10x_flash.o(.text)
    FLASH_HalfCycleAccessCmd                 0x0800099f   Thumb Code    22  stm32f10x_flash.o(.text)
    FLASH_PrefetchBufferCmd                  0x080009b5   Thumb Code    22  stm32f10x_flash.o(.text)
    FLASH_Unlock                             0x080009cb   Thumb Code    12  stm32f10x_flash.o(.text)
    FLASH_UnlockBank1                        0x080009d7   Thumb Code    12  stm32f10x_flash.o(.text)
    FLASH_Lock                               0x080009e3   Thumb Code    14  stm32f10x_flash.o(.text)
    FLASH_LockBank1                          0x080009f1   Thumb Code    14  stm32f10x_flash.o(.text)
    FLASH_GetBank1Status                     0x080009ff   Thumb Code    48  stm32f10x_flash.o(.text)
    FLASH_WaitForLastOperation               0x08000a2f   Thumb Code    38  stm32f10x_flash.o(.text)
    FLASH_ErasePage                          0x08000a55   Thumb Code    72  stm32f10x_flash.o(.text)
    FLASH_EraseAllPages                      0x08000a9d   Thumb Code    68  stm32f10x_flash.o(.text)
    FLASH_WaitForLastBank1Operation          0x08000ae1   Thumb Code    38  stm32f10x_flash.o(.text)
    FLASH_EraseAllBank1Pages                 0x08000b07   Thumb Code    68  stm32f10x_flash.o(.text)
    FLASH_GetReadOutProtectionStatus         0x08000b4b   Thumb Code    20  stm32f10x_flash.o(.text)
    FLASH_EraseOptionBytes                   0x08000b5f   Thumb Code   150  stm32f10x_flash.o(.text)
    FLASH_ProgramWord                        0x08000bf5   Thumb Code   102  stm32f10x_flash.o(.text)
    FLASH_ProgramHalfWord                    0x08000c5b   Thumb Code    60  stm32f10x_flash.o(.text)
    FLASH_ProgramOptionByteData              0x08000c97   Thumb Code    72  stm32f10x_flash.o(.text)
    FLASH_EnableWriteProtection              0x08000cdf   Thumb Code   200  stm32f10x_flash.o(.text)
    FLASH_ReadOutProtection                  0x08000da7   Thumb Code   156  stm32f10x_flash.o(.text)
    FLASH_UserOptionByteConfig               0x08000e43   Thumb Code    88  stm32f10x_flash.o(.text)
    FLASH_GetUserOptionByte                  0x08000e9b   Thumb Code     8  stm32f10x_flash.o(.text)
    FLASH_GetWriteProtectionOptionByte       0x08000ea3   Thumb Code     6  stm32f10x_flash.o(.text)
    FLASH_GetPrefetchBufferStatus            0x08000ea9   Thumb Code    20  stm32f10x_flash.o(.text)
    FLASH_ITConfig                           0x08000ebd   Thumb Code    26  stm32f10x_flash.o(.text)
    FLASH_GetFlagStatus                      0x08000ed7   Thumb Code    42  stm32f10x_flash.o(.text)
    FLASH_ClearFlag                          0x08000f01   Thumb Code     6  stm32f10x_flash.o(.text)
    FLASH_GetStatus                          0x08000f07   Thumb Code    48  stm32f10x_flash.o(.text)
    FSMC_NORSRAMDeInit                       0x08000f49   Thumb Code    54  stm32f10x_fsmc.o(.text)
    FSMC_NANDDeInit                          0x08000f7f   Thumb Code    62  stm32f10x_fsmc.o(.text)
    FSMC_PCCARDDeInit                        0x08000fbd   Thumb Code    36  stm32f10x_fsmc.o(.text)
    FSMC_NORSRAMInit                         0x08000fe1   Thumb Code   230  stm32f10x_fsmc.o(.text)
    FSMC_NANDInit                            0x080010c7   Thumb Code   132  stm32f10x_fsmc.o(.text)
    FSMC_PCCARDInit                          0x0800114b   Thumb Code   130  stm32f10x_fsmc.o(.text)
    FSMC_NORSRAMStructInit                   0x080011cd   Thumb Code   114  stm32f10x_fsmc.o(.text)
    FSMC_NANDStructInit                      0x0800123f   Thumb Code    54  stm32f10x_fsmc.o(.text)
    FSMC_PCCARDStructInit                    0x08001275   Thumb Code    60  stm32f10x_fsmc.o(.text)
    FSMC_NORSRAMCmd                          0x080012b1   Thumb Code    46  stm32f10x_fsmc.o(.text)
    FSMC_NANDCmd                             0x080012df   Thumb Code    86  stm32f10x_fsmc.o(.text)
    FSMC_PCCARDCmd                           0x08001335   Thumb Code    44  stm32f10x_fsmc.o(.text)
    FSMC_NANDECCCmd                          0x08001361   Thumb Code    90  stm32f10x_fsmc.o(.text)
    FSMC_GetECC                              0x080013bb   Thumb Code    24  stm32f10x_fsmc.o(.text)
    FSMC_ITConfig                            0x080013d3   Thumb Code   128  stm32f10x_fsmc.o(.text)
    FSMC_GetFlagStatus                       0x08001453   Thumb Code    54  stm32f10x_fsmc.o(.text)
    FSMC_ClearFlag                           0x08001489   Thumb Code    62  stm32f10x_fsmc.o(.text)
    FSMC_GetITStatus                         0x080014c7   Thumb Code    64  stm32f10x_fsmc.o(.text)
    FSMC_ClearITPendingBit                   0x08001507   Thumb Code    68  stm32f10x_fsmc.o(.text)
    GPIO_DeInit                              0x08001555   Thumb Code   172  stm32f10x_gpio.o(.text)
    GPIO_AFIODeInit                          0x08001601   Thumb Code    20  stm32f10x_gpio.o(.text)
    GPIO_Init                                0x08001615   Thumb Code   278  stm32f10x_gpio.o(.text)
    GPIO_StructInit                          0x0800172b   Thumb Code    16  stm32f10x_gpio.o(.text)
    GPIO_ReadInputDataBit                    0x0800173b   Thumb Code    18  stm32f10x_gpio.o(.text)
    GPIO_ReadInputData                       0x0800174d   Thumb Code     8  stm32f10x_gpio.o(.text)
    GPIO_ReadOutputDataBit                   0x08001755   Thumb Code    18  stm32f10x_gpio.o(.text)
    GPIO_ReadOutputData                      0x08001767   Thumb Code     8  stm32f10x_gpio.o(.text)
    GPIO_SetBits                             0x0800176f   Thumb Code     4  stm32f10x_gpio.o(.text)
    GPIO_ResetBits                           0x08001773   Thumb Code     4  stm32f10x_gpio.o(.text)
    GPIO_WriteBit                            0x08001777   Thumb Code    10  stm32f10x_gpio.o(.text)
    GPIO_Write                               0x08001781   Thumb Code     4  stm32f10x_gpio.o(.text)
    GPIO_PinLockConfig                       0x08001785   Thumb Code    18  stm32f10x_gpio.o(.text)
    GPIO_EventOutputConfig                   0x08001797   Thumb Code    26  stm32f10x_gpio.o(.text)
    GPIO_EventOutputCmd                      0x080017b1   Thumb Code     6  stm32f10x_gpio.o(.text)
    GPIO_PinRemapConfig                      0x080017b7   Thumb Code   138  stm32f10x_gpio.o(.text)
    GPIO_EXTILineConfig                      0x08001841   Thumb Code    66  stm32f10x_gpio.o(.text)
    GPIO_ETH_MediaInterfaceConfig            0x08001883   Thumb Code     8  stm32f10x_gpio.o(.text)
    IWDG_WriteAccessCmd                      0x080018b1   Thumb Code     6  stm32f10x_iwdg.o(.text)
    IWDG_SetPrescaler                        0x080018b7   Thumb Code     6  stm32f10x_iwdg.o(.text)
    IWDG_SetReload                           0x080018bd   Thumb Code     6  stm32f10x_iwdg.o(.text)
    IWDG_ReloadCounter                       0x080018c3   Thumb Code    10  stm32f10x_iwdg.o(.text)
    IWDG_Enable                              0x080018cd   Thumb Code    10  stm32f10x_iwdg.o(.text)
    IWDG_GetFlagStatus                       0x080018d7   Thumb Code    20  stm32f10x_iwdg.o(.text)
    RCC_DeInit                               0x080018f1   Thumb Code    64  stm32f10x_rcc.o(.text)
    RCC_HSEConfig                            0x08001931   Thumb Code    70  stm32f10x_rcc.o(.text)
    RCC_GetFlagStatus                        0x08001977   Thumb Code    56  stm32f10x_rcc.o(.text)
    RCC_WaitForHSEStartUp                    0x080019af   Thumb Code    56  stm32f10x_rcc.o(.text)
    RCC_AdjustHSICalibrationValue            0x080019e7   Thumb Code    20  stm32f10x_rcc.o(.text)
    RCC_HSICmd                               0x080019fb   Thumb Code     6  stm32f10x_rcc.o(.text)
    RCC_PLLConfig                            0x08001a01   Thumb Code    24  stm32f10x_rcc.o(.text)
    RCC_PLLCmd                               0x08001a19   Thumb Code     6  stm32f10x_rcc.o(.text)
    RCC_SYSCLKConfig                         0x08001a1f   Thumb Code    18  stm32f10x_rcc.o(.text)
    RCC_GetSYSCLKSource                      0x08001a31   Thumb Code    10  stm32f10x_rcc.o(.text)
    RCC_HCLKConfig                           0x08001a3b   Thumb Code    18  stm32f10x_rcc.o(.text)
    RCC_PCLK1Config                          0x08001a4d   Thumb Code    18  stm32f10x_rcc.o(.text)
    RCC_PCLK2Config                          0x08001a5f   Thumb Code    20  stm32f10x_rcc.o(.text)
    RCC_ITConfig                             0x08001a73   Thumb Code    26  stm32f10x_rcc.o(.text)
    RCC_USBCLKConfig                         0x08001a8d   Thumb Code     8  stm32f10x_rcc.o(.text)
    RCC_ADCCLKConfig                         0x08001a95   Thumb Code    18  stm32f10x_rcc.o(.text)
    RCC_LSEConfig                            0x08001aa7   Thumb Code    50  stm32f10x_rcc.o(.text)
    RCC_LSICmd                               0x08001ad9   Thumb Code     6  stm32f10x_rcc.o(.text)
    RCC_RTCCLKConfig                         0x08001adf   Thumb Code    12  stm32f10x_rcc.o(.text)
    RCC_RTCCLKCmd                            0x08001aeb   Thumb Code     8  stm32f10x_rcc.o(.text)
    RCC_GetClocksFreq                        0x08001af3   Thumb Code   192  stm32f10x_rcc.o(.text)
    RCC_AHBPeriphClockCmd                    0x08001bb3   Thumb Code    26  stm32f10x_rcc.o(.text)
    RCC_APB2PeriphClockCmd                   0x08001bcd   Thumb Code    26  stm32f10x_rcc.o(.text)
    RCC_APB1PeriphClockCmd                   0x08001be7   Thumb Code    26  stm32f10x_rcc.o(.text)
    RCC_APB2PeriphResetCmd                   0x08001c01   Thumb Code    26  stm32f10x_rcc.o(.text)
    RCC_APB1PeriphResetCmd                   0x08001c1b   Thumb Code    26  stm32f10x_rcc.o(.text)
    RCC_BackupResetCmd                       0x08001c35   Thumb Code     8  stm32f10x_rcc.o(.text)
    RCC_ClockSecuritySystemCmd               0x08001c3d   Thumb Code     6  stm32f10x_rcc.o(.text)
    RCC_MCOConfig                            0x08001c43   Thumb Code     6  stm32f10x_rcc.o(.text)
    RCC_ClearFlag                            0x08001c49   Thumb Code    14  stm32f10x_rcc.o(.text)
    RCC_GetITStatus                          0x08001c57   Thumb Code    20  stm32f10x_rcc.o(.text)
    RCC_ClearITPendingBit                    0x08001c6b   Thumb Code     6  stm32f10x_rcc.o(.text)
    TIM_DeInit                               0x08001c95   Thumb Code   424  stm32f10x_tim.o(.text)
    TIM_TimeBaseInit                         0x08001e3d   Thumb Code   122  stm32f10x_tim.o(.text)
    TIM_OC1Init                              0x08001eb7   Thumb Code   132  stm32f10x_tim.o(.text)
    TIM_OC2Init                              0x08001f3b   Thumb Code   154  stm32f10x_tim.o(.text)
    TIM_OC3Init                              0x08001fd5   Thumb Code   150  stm32f10x_tim.o(.text)
    TIM_OC4Init                              0x0800206b   Thumb Code   182  stm32f10x_tim.o(.text)
    TIM_SetIC4Prescaler                      0x08002121   Thumb Code    26  stm32f10x_tim.o(.text)
    TIM_SetIC3Prescaler                      0x080021bd   Thumb Code    18  stm32f10x_tim.o(.text)
    TIM_SetIC2Prescaler                      0x08002249   Thumb Code    26  stm32f10x_tim.o(.text)
    TIM_SetIC1Prescaler                      0x080022e5   Thumb Code    18  stm32f10x_tim.o(.text)
    TIM_ICInit                               0x08002363   Thumb Code   150  stm32f10x_tim.o(.text)
    TIM_PWMIConfig                           0x080023f9   Thumb Code   124  stm32f10x_tim.o(.text)
    TIM_BDTRConfig                           0x08002475   Thumb Code    32  stm32f10x_tim.o(.text)
    TIM_TimeBaseStructInit                   0x08002495   Thumb Code    18  stm32f10x_tim.o(.text)
    TIM_OCStructInit                         0x080024a7   Thumb Code    20  stm32f10x_tim.o(.text)
    TIM_ICStructInit                         0x080024bb   Thumb Code    18  stm32f10x_tim.o(.text)
    TIM_BDTRStructInit                       0x080024cd   Thumb Code    40  stm32f10x_tim.o(.text)
    TIM_Cmd                                  0x080024f5   Thumb Code    24  stm32f10x_tim.o(.text)
    TIM_CtrlPWMOutputs                       0x0800250d   Thumb Code    30  stm32f10x_tim.o(.text)
    TIM_ITConfig                             0x0800252b   Thumb Code    18  stm32f10x_tim.o(.text)
    TIM_GenerateEvent                        0x0800253d   Thumb Code     4  stm32f10x_tim.o(.text)
    TIM_DMAConfig                            0x08002541   Thumb Code    10  stm32f10x_tim.o(.text)
    TIM_DMACmd                               0x0800254b   Thumb Code    18  stm32f10x_tim.o(.text)
    TIM_InternalClockConfig                  0x0800255d   Thumb Code    12  stm32f10x_tim.o(.text)
    TIM_SelectInputTrigger                   0x08002569   Thumb Code    18  stm32f10x_tim.o(.text)
    TIM_ITRxExternalClockConfig              0x0800257b   Thumb Code    24  stm32f10x_tim.o(.text)
    TIM_TIxExternalClockConfig               0x08002593   Thumb Code    62  stm32f10x_tim.o(.text)
    TIM_ETRConfig                            0x080025d1   Thumb Code    28  stm32f10x_tim.o(.text)
    TIM_ETRClockMode1Config                  0x080025ed   Thumb Code    54  stm32f10x_tim.o(.text)
    TIM_ETRClockMode2Config                  0x08002623   Thumb Code    32  stm32f10x_tim.o(.text)
    TIM_PrescalerConfig                      0x08002643   Thumb Code     6  stm32f10x_tim.o(.text)
    TIM_CounterModeConfig                    0x08002649   Thumb Code    18  stm32f10x_tim.o(.text)
    TIM_EncoderInterfaceConfig               0x0800265b   Thumb Code    66  stm32f10x_tim.o(.text)
    TIM_ForcedOC1Config                      0x0800269d   Thumb Code    18  stm32f10x_tim.o(.text)
    TIM_ForcedOC2Config                      0x080026af   Thumb Code    26  stm32f10x_tim.o(.text)
    TIM_ForcedOC3Config                      0x080026c9   Thumb Code    18  stm32f10x_tim.o(.text)
    TIM_ForcedOC4Config                      0x080026db   Thumb Code    26  stm32f10x_tim.o(.text)
    TIM_ARRPreloadConfig                     0x080026f5   Thumb Code    24  stm32f10x_tim.o(.text)
    TIM_SelectCOM                            0x0800270d   Thumb Code    24  stm32f10x_tim.o(.text)
    TIM_SelectCCDMA                          0x08002725   Thumb Code    24  stm32f10x_tim.o(.text)
    TIM_CCPreloadControl                     0x0800273d   Thumb Code    24  stm32f10x_tim.o(.text)
    TIM_OC1PreloadConfig                     0x08002755   Thumb Code    18  stm32f10x_tim.o(.text)
    TIM_OC2PreloadConfig                     0x08002767   Thumb Code    26  stm32f10x_tim.o(.text)
    TIM_OC3PreloadConfig                     0x08002781   Thumb Code    18  stm32f10x_tim.o(.text)
    TIM_OC4PreloadConfig                     0x08002793   Thumb Code    26  stm32f10x_tim.o(.text)
    TIM_OC1FastConfig                        0x080027ad   Thumb Code    18  stm32f10x_tim.o(.text)
    TIM_OC2FastConfig                        0x080027bf   Thumb Code    26  stm32f10x_tim.o(.text)
    TIM_OC3FastConfig                        0x080027d9   Thumb Code    18  stm32f10x_tim.o(.text)
    TIM_OC4FastConfig                        0x080027eb   Thumb Code    26  stm32f10x_tim.o(.text)
    TIM_ClearOC1Ref                          0x08002805   Thumb Code    18  stm32f10x_tim.o(.text)
    TIM_ClearOC2Ref                          0x08002817   Thumb Code    24  stm32f10x_tim.o(.text)
    TIM_ClearOC3Ref                          0x0800282f   Thumb Code    18  stm32f10x_tim.o(.text)
    TIM_ClearOC4Ref                          0x08002841   Thumb Code    24  stm32f10x_tim.o(.text)
    TIM_OC1PolarityConfig                    0x08002859   Thumb Code    18  stm32f10x_tim.o(.text)
    TIM_OC1NPolarityConfig                   0x0800286b   Thumb Code    18  stm32f10x_tim.o(.text)
    TIM_OC2PolarityConfig                    0x0800287d   Thumb Code    26  stm32f10x_tim.o(.text)
    TIM_OC2NPolarityConfig                   0x08002897   Thumb Code    26  stm32f10x_tim.o(.text)
    TIM_OC3PolarityConfig                    0x080028b1   Thumb Code    26  stm32f10x_tim.o(.text)
    TIM_OC3NPolarityConfig                   0x080028cb   Thumb Code    26  stm32f10x_tim.o(.text)
    TIM_OC4PolarityConfig                    0x080028e5   Thumb Code    26  stm32f10x_tim.o(.text)
    TIM_CCxCmd                               0x080028ff   Thumb Code    30  stm32f10x_tim.o(.text)
    TIM_CCxNCmd                              0x0800291d   Thumb Code    30  stm32f10x_tim.o(.text)
    TIM_SelectOCxM                           0x0800293b   Thumb Code    82  stm32f10x_tim.o(.text)
    TIM_UpdateDisableConfig                  0x0800298d   Thumb Code    24  stm32f10x_tim.o(.text)
    TIM_UpdateRequestConfig                  0x080029a5   Thumb Code    24  stm32f10x_tim.o(.text)
    TIM_SelectHallSensor                     0x080029bd   Thumb Code    24  stm32f10x_tim.o(.text)
    TIM_SelectOnePulseMode                   0x080029d5   Thumb Code    18  stm32f10x_tim.o(.text)
    TIM_SelectOutputTrigger                  0x080029e7   Thumb Code    18  stm32f10x_tim.o(.text)
    TIM_SelectSlaveMode                      0x080029f9   Thumb Code    18  stm32f10x_tim.o(.text)
    TIM_SelectMasterSlaveMode                0x08002a0b   Thumb Code    18  stm32f10x_tim.o(.text)
    TIM_SetCounter                           0x08002a1d   Thumb Code     4  stm32f10x_tim.o(.text)
    TIM_SetAutoreload                        0x08002a21   Thumb Code     4  stm32f10x_tim.o(.text)
    TIM_SetCompare1                          0x08002a25   Thumb Code     4  stm32f10x_tim.o(.text)
    TIM_SetCompare2                          0x08002a29   Thumb Code     4  stm32f10x_tim.o(.text)
    TIM_SetCompare3                          0x08002a2d   Thumb Code     4  stm32f10x_tim.o(.text)
    TIM_SetCompare4                          0x08002a31   Thumb Code     6  stm32f10x_tim.o(.text)
    TIM_SetClockDivision                     0x08002a37   Thumb Code    18  stm32f10x_tim.o(.text)
    TIM_GetCapture1                          0x08002a49   Thumb Code     6  stm32f10x_tim.o(.text)
    TIM_GetCapture2                          0x08002a4f   Thumb Code     6  stm32f10x_tim.o(.text)
    TIM_GetCapture3                          0x08002a55   Thumb Code     6  stm32f10x_tim.o(.text)
    TIM_GetCapture4                          0x08002a5b   Thumb Code     8  stm32f10x_tim.o(.text)
    TIM_GetCounter                           0x08002a63   Thumb Code     6  stm32f10x_tim.o(.text)
    TIM_GetPrescaler                         0x08002a69   Thumb Code     6  stm32f10x_tim.o(.text)
    TIM_GetFlagStatus                        0x08002a6f   Thumb Code    18  stm32f10x_tim.o(.text)
    TIM_ClearFlag                            0x08002a81   Thumb Code     6  stm32f10x_tim.o(.text)
    TIM_GetITStatus                          0x08002a87   Thumb Code    34  stm32f10x_tim.o(.text)
    TIM_ClearITPendingBit                    0x08002aa9   Thumb Code     6  stm32f10x_tim.o(.text)
    USART_DeInit                             0x08002ab1   Thumb Code   134  stm32f10x_usart.o(.text)
    USART_Init                               0x08002b37   Thumb Code   210  stm32f10x_usart.o(.text)
    USART_StructInit                         0x08002c09   Thumb Code    24  stm32f10x_usart.o(.text)
    USART_ClockInit                          0x08002c21   Thumb Code    34  stm32f10x_usart.o(.text)
    USART_ClockStructInit                    0x08002c43   Thumb Code    12  stm32f10x_usart.o(.text)
    USART_Cmd                                0x08002c4f   Thumb Code    24  stm32f10x_usart.o(.text)
    USART_ITConfig                           0x08002c67   Thumb Code    74  stm32f10x_usart.o(.text)
    USART_DMACmd                             0x08002cb1   Thumb Code    18  stm32f10x_usart.o(.text)
    USART_SetAddress                         0x08002cc3   Thumb Code    18  stm32f10x_usart.o(.text)
    USART_WakeUpConfig                       0x08002cd5   Thumb Code    18  stm32f10x_usart.o(.text)
    USART_ReceiverWakeUpCmd                  0x08002ce7   Thumb Code    24  stm32f10x_usart.o(.text)
    USART_LINBreakDetectLengthConfig         0x08002cff   Thumb Code    18  stm32f10x_usart.o(.text)
    USART_LINCmd                             0x08002d11   Thumb Code    24  stm32f10x_usart.o(.text)
    USART_SendData                           0x08002d29   Thumb Code     8  stm32f10x_usart.o(.text)
    USART_ReceiveData                        0x08002d31   Thumb Code    10  stm32f10x_usart.o(.text)
    USART_SendBreak                          0x08002d3b   Thumb Code    10  stm32f10x_usart.o(.text)
    USART_SetGuardTime                       0x08002d45   Thumb Code    16  stm32f10x_usart.o(.text)
    USART_SetPrescaler                       0x08002d55   Thumb Code    16  stm32f10x_usart.o(.text)
    USART_SmartCardCmd                       0x08002d65   Thumb Code    24  stm32f10x_usart.o(.text)
    USART_SmartCardNACKCmd                   0x08002d7d   Thumb Code    24  stm32f10x_usart.o(.text)
    USART_HalfDuplexCmd                      0x08002d95   Thumb Code    24  stm32f10x_usart.o(.text)
    USART_OverSampling8Cmd                   0x08002dad   Thumb Code    22  stm32f10x_usart.o(.text)
    USART_OneBitMethodCmd                    0x08002dc3   Thumb Code    24  stm32f10x_usart.o(.text)
    USART_IrDAConfig                         0x08002ddb   Thumb Code    18  stm32f10x_usart.o(.text)
    USART_IrDACmd                            0x08002ded   Thumb Code    24  stm32f10x_usart.o(.text)
    USART_GetFlagStatus                      0x08002e05   Thumb Code    26  stm32f10x_usart.o(.text)
    USART_ClearFlag                          0x08002e1f   Thumb Code    18  stm32f10x_usart.o(.text)
    USART_GetITStatus                        0x08002e31   Thumb Code    84  stm32f10x_usart.o(.text)
    USART_ClearITPendingBit                  0x08002e85   Thumb Code    52  stm32f10x_usart.o(.text)
    main                                     0x08002eb9   Thumb Code   124  main.o(.text)
    NMI_Handler                              0x08002f49   Thumb Code     2  stm32f10x_it.o(.text)
    HardFault_Handler                        0x08002f4b   Thumb Code     4  stm32f10x_it.o(.text)
    MemManage_Handler                        0x08002f4f   Thumb Code     4  stm32f10x_it.o(.text)
    BusFault_Handler                         0x08002f53   Thumb Code     4  stm32f10x_it.o(.text)
    UsageFault_Handler                       0x08002f57   Thumb Code     4  stm32f10x_it.o(.text)
    SVC_Handler                              0x08002f5b   Thumb Code     2  stm32f10x_it.o(.text)
    DebugMon_Handler                         0x08002f5d   Thumb Code     2  stm32f10x_it.o(.text)
    SysTick_Handler                          0x08002f5f   Thumb Code    60  stm32f10x_it.o(.text)
    USART1_IRQHandler                        0x08002f9b   Thumb Code   522  stm32f10x_it.o(.text)
    USART2_IRQHandler                        0x080031a5   Thumb Code   554  stm32f10x_it.o(.text)
    USART3_IRQHandler                        0x080033cf   Thumb Code    26  stm32f10x_it.o(.text)
    TIM6_IRQHandler                          0x080033e9   Thumb Code   250  stm32f10x_it.o(.text)
    DMA1_Channel1_IRQHandler                 0x080034e3   Thumb Code    24  stm32f10x_it.o(.text)
    DMA1_Channel2_IRQHandler                 0x080034fb   Thumb Code    24  stm32f10x_it.o(.text)
    SystemInit                               0x0800361b   Thumb Code    78  system_stm32f10x.o(.text)
    SystemCoreClockUpdate                    0x08003669   Thumb Code   142  system_stm32f10x.o(.text)
    DAM1_ADC_NVIC                            0x0800371d   Thumb Code    32  adc.o(.text)
    ADC1_DMA_Init                            0x0800373d   Thumb Code   282  adc.o(.text)
    ADC_CH_Scan                              0x08003857   Thumb Code   232  adc.o(.text)
    ee_CheckOk                               0x08003969   Thumb Code    22  at24c01.o(.text)
    ReadBytes                                0x0800397f   Thumb Code   140  at24c01.o(.text)
    WriteBytes                               0x08003a0b   Thumb Code   180  at24c01.o(.text)
    ee_Erase                                 0x08003abf   Thumb Code    40  at24c01.o(.text)
    EEPROM_WriteByte                         0x08003ae7   Thumb Code   118  at24c01.o(.text)
    EEPROM_READ_Byte                         0x08003b5d   Thumb Code    84  at24c01.o(.text)
    SysTick_Init                             0x08003bc9   Thumb Code   108  bsp_systick.o(.text)
    Delay_us                                 0x08003c35   Thumb Code    36  bsp_systick.o(.text)
    TimingDelay_Decrement                    0x08003c59   Thumb Code    18  bsp_systick.o(.text)
    RCC_Configuration                        0x08003c7d   Thumb Code   110  clock.o(.text)
    AD5541_GPIOCoing                         0x08003cf1   Thumb Code    56  dac.o(.text)
    AD5541_Send                              0x08003d29   Thumb Code   194  dac.o(.text)
    Flash_Write_all                          0x08003df5   Thumb Code  3908  flash.o(.text)
    EEPROM_READ_Coeff                        0x08004d39   Thumb Code  4570  flash.o(.text)
    Write_ADDR                               0x08005f13   Thumb Code    74  flash.o(.text)
    Write_bootflag                           0x08005f5d   Thumb Code    14  flash.o(.text)
    Write_bootmode                           0x08005f6b   Thumb Code    18  flash.o(.text)
    Wite_Runcont                             0x08005f7d   Thumb Code  2506  flash.o(.text)
    Read_Runcont                             0x08006947   Thumb Code  2222  flash.o(.text)
    READ_TSET                                0x080071f5   Thumb Code    86  flash.o(.text)
    GPIO_Conf                                0x08007255   Thumb Code   200  gpio.o(.text)
    i2c_Start                                0x08007355   Thumb Code    48  iic_24c01.o(.text)
    i2c_Stop                                 0x08007385   Thumb Code    32  iic_24c01.o(.text)
    i2c_SendByte                             0x080073a5   Thumb Code   112  iic_24c01.o(.text)
    i2c_ReadByte                             0x08007415   Thumb Code    88  iic_24c01.o(.text)
    i2c_WaitAck                              0x0800746d   Thumb Code    64  iic_24c01.o(.text)
    i2c_Ack                                  0x080074ad   Thumb Code    48  iic_24c01.o(.text)
    i2c_NAck                                 0x080074dd   Thumb Code    40  iic_24c01.o(.text)
    i2c_CfgGpio                              0x08007505   Thumb Code    68  iic_24c01.o(.text)
    i2c_CheckDevice                          0x08007549   Thumb Code    36  iic_24c01.o(.text)
    IWDG_Inte                                0x08007575   Thumb Code    32  iwdg.o(.text)
    Hardware_CRC                             0x08007595   Thumb Code   122  modbus.o(.text)
    UART_Action                              0x0800760f   Thumb Code  8296  modbus.o(.text)
    Transformation_ADC                       0x08009677   Thumb Code  8428  modbus.o(.text)
    TIM6_Config                              0x0800b7ab   Thumb Code    76  tim6.o(.text)
    USART_Configuration                      0x0800b861   Thumb Code   138  usart.o(.text)
    USART2_Configuration                     0x0800b8eb   Thumb Code   132  usart.o(.text)
    USART3_Configuration                     0x0800b96f   Thumb Code   136  usart.o(.text)
    UART1_Send                               0x0800b9f7   Thumb Code    74  usart.o(.text)
    UART2_Send                               0x0800ba41   Thumb Code    74  usart.o(.text)
    Baud_SET                                 0x0800ba8b   Thumb Code   286  usart.o(.text)
    Usart1_Sendstring                        0x0800bba9   Thumb Code    72  usart.o(.text)
    _sys_exit                                0x0800bbf1   Thumb Code     6  usart.o(.text)
    fputc                                    0x0800bbf7   Thumb Code    24  usart.o(.text)
    Clear_Date                               0x0800bc0f   Thumb Code    42  usart.o(.text)
    AD7606_StartConvst                       0x0800bc69   Thumb Code    18  ad7655.o(.text)
    AD7606_Reset                             0x0800bc7b   Thumb Code    24  ad7655.o(.text)
    AD7606_StopRecord                        0x0800bc93   Thumb Code    12  ad7655.o(.text)
    AD7606_StartRecord                       0x0800bc9f   Thumb Code    30  ad7655.o(.text)
    bsp_InitAD7606                           0x0800bddf   Thumb Code    50  ad7655.o(.text)
    DAM1_CH2_NVIC                            0x0800be11   Thumb Code    30  ad7655.o(.text)
    FSMC_DMA_INTE                            0x0800be2f   Thumb Code    92  ad7655.o(.text)
    AD7606_ReadNowAdc                        0x0800be8b   Thumb Code    12  ad7655.o(.text)
    CurtMAX_MIN                              0x0800beb9   Thumb Code   204  ad7655.o(.text)
    FIft_ADC_Vloue                           0x0800bf85   Thumb Code   188  ad7655.o(.text)
    GET_ADC_VALUE                            0x0800c041   Thumb Code   230  ad7655.o(.text)
    GET_RIppleVal                            0x0800c127   Thumb Code   198  ad7655.o(.text)
    AD7655_TASK                              0x0800c1ed   Thumb Code    24  ad7655.o(.text)
    Temp_Comapre                             0x0800c231   Thumb Code   106  fan_pro.o(.text)
    All_protect                              0x0800c29b   Thumb Code   554  fan_pro.o(.text)
    I_SW_COTNR                               0x0800c4f9   Thumb Code    60  menu.o(.text)
    V_SW_COTNR                               0x0800c535   Thumb Code    62  menu.o(.text)
    Cont_coeff_LEDMODE                       0x0800c573   Thumb Code   224  menu.o(.text)
    worke_mode                               0x0800c653   Thumb Code  1190  menu.o(.text)
    MAXPAR_limit                             0x0800caf9   Thumb Code   144  menu.o(.text)
    __use_no_semihosting                     0x0800cba5   Thumb Code     2  use_no_semi_2.o(.text)
    strlen                                   0x0800cba7   Thumb Code    62  strlen.o(.text)
    __use_two_region_memory                  0x0800cbe5   Thumb Code     2  heapauxi.o(.text)
    __rt_heap_escrow$2region                 0x0800cbe7   Thumb Code     2  heapauxi.o(.text)
    __rt_heap_expand$2region                 0x0800cbe9   Thumb Code     2  heapauxi.o(.text)
    __I$use$semihosting                      0x0800cbeb   Thumb Code     0  use_no_semi.o(.text)
    __use_no_semihosting_swi                 0x0800cbeb   Thumb Code     2  use_no_semi.o(.text)
    __user_libspace                          0x0800cbed   Thumb Code     8  libspace.o(.text)
    __user_perproc_libspace                  0x0800cbed   Thumb Code     0  libspace.o(.text)
    __user_perthread_libspace                0x0800cbed   Thumb Code     0  libspace.o(.text)
    __user_setup_stackheap                   0x0800cbf5   Thumb Code    74  sys_stackheap_outer.o(.text)
    exit                                     0x0800cc3f   Thumb Code    18  exit.o(.text)
    __aeabi_fdiv                             0x0800cc51   Thumb Code     0  fdiv.o(x$fpl$fdiv)
    _fdiv                                    0x0800cc51   Thumb Code   384  fdiv.o(x$fpl$fdiv)
    __aeabi_f2uiz                            0x0800cdd5   Thumb Code     0  ffixu.o(x$fpl$ffixu)
    _ffixu                                   0x0800cdd5   Thumb Code    62  ffixu.o(x$fpl$ffixu)
    __aeabi_ui2f                             0x0800ce15   Thumb Code     0  fflt_clz.o(x$fpl$ffltu)
    _ffltu                                   0x0800ce15   Thumb Code    38  fflt_clz.o(x$fpl$ffltu)
    __aeabi_fmul                             0x0800ce3d   Thumb Code     0  fmul.o(x$fpl$fmul)
    _fmul                                    0x0800ce3d   Thumb Code   258  fmul.o(x$fpl$fmul)
    __fpl_fnaninf                            0x0800cf3f   Thumb Code   140  fnaninf.o(x$fpl$fnaninf)
    __fpl_fretinf                            0x0800cfcb   Thumb Code    10  fretinf.o(x$fpl$fretinf)
    Region$$Table$$Base                      0x0800cfd4   Number         0  anon$$obj.o(Region$$Table)
    __I$use$fp                               0x0800cfd4   Number         0  usenofp.o(x$fpl$usenofp)
    Region$$Table$$Limit                     0x0800cff4   Number         0  anon$$obj.o(Region$$Table)
    bootflag                                 0x20000014   Data           1  main.o(.data)
    flagA                                    0x20000018   Data           4  main.o(.data)
    flagB                                    0x2000001c   Data           4  main.o(.data)
    flagC                                    0x20000020   Data           4  main.o(.data)
    flagD                                    0x20000024   Data           4  main.o(.data)
    flagE                                    0x20000028   Data           4  main.o(.data)
    flagF                                    0x2000002c   Data           4  main.o(.data)
    flagG                                    0x20000030   Data           4  main.o(.data)
    dynaflagA                                0x20000034   Data           1  stm32f10x_it.o(.data)
    dynaflagB                                0x20000035   Data           1  stm32f10x_it.o(.data)
    timecount                                0x20000038   Data           4  stm32f10x_it.o(.data)
    testcount                                0x2000003c   Data           4  stm32f10x_it.o(.data)
    dynatrigflag                             0x20000040   Data           1  stm32f10x_it.o(.data)
    SystemCoreClock                          0x20000044   Data           4  system_stm32f10x.o(.data)
    AHBPrescTable                            0x20000048   Data          16  system_stm32f10x.o(.data)
    NTC_value                                0x20000058   Data           2  adc.o(.data)
    NTC1_value                               0x2000005a   Data           2  adc.o(.data)
    Imon_value                               0x2000005c   Data           2  adc.o(.data)
    Vmon_value                               0x2000005e   Data           2  adc.o(.data)
    Contr_Laod                               0x20000060   Data           2  adc.o(.data)
    HSEStartUpStatus                         0x2000006c   Data           1  clock.o(.data)
    REND_TSETING                             0x20000070   Data           4  flash.o(.data)
    DAC_Flag                                 0x20000074   Data           1  modbus.o(.data)
    Modify_A_READ                            0x20000078   Data           4  modbus.o(.data)
    Modify_C_READ                            0x2000007c   Data           4  modbus.o(.data)
    Modify_A_ACT                             0x20000080   Data           4  modbus.o(.data)
    Modify_B_READ                            0x20000084   Data           4  modbus.o(.data)
    Modify_D_READ                            0x20000088   Data           4  modbus.o(.data)
    Modify_B_ACT                             0x2000008c   Data           4  modbus.o(.data)
    var16                                    0x20000090   Data           4  modbus.o(.data)
    var32a                                   0x20000094   Data           4  modbus.o(.data)
    var32b                                   0x20000098   Data           4  modbus.o(.data)
    var16a                                   0x2000009c   Data           4  modbus.o(.data)
    var32c                                   0x200000a0   Data           4  modbus.o(.data)
    var32d                                   0x200000a4   Data           4  modbus.o(.data)
    Contr_DACVlue                            0x200000a8   Data           2  modbus.o(.data)
    UART_Buffer_Size                         0x200000ac   Data           1  usart.o(.data)
    Transmit_BUFFERsize                      0x200000ad   Data           1  usart.o(.data)
    t_USART                                  0x200000ae   Data           1  usart.o(.data)
    __stdout                                 0x200000b0   Data           4  usart.o(.data)
    AD7655_CHA_IMON                          0x200000b4   Data           2  ad7655.o(.data)
    AD7655_CHB_VMON                          0x200000b6   Data           2  ad7655.o(.data)
    Voltage_VPP                              0x200000b8   Data           4  ad7655.o(.data)
    Current_VPP                              0x200000bc   Data           4  ad7655.o(.data)
    CH_AD7655_CONT                           0x200000c0   Data           1  ad7655.o(.data)
    PWM_VALU                                 0x200000cc   Data           2  fan_pro.o(.data)
    VP_T                                     0x200000ce   Data           2  fan_pro.o(.data)
    IP_T                                     0x200000d0   Data           2  fan_pro.o(.data)
    PR_T1                                    0x200000d2   Data           2  fan_pro.o(.data)
    PR_T2                                    0x200000d4   Data           2  fan_pro.o(.data)
    PR_T3                                    0x200000d6   Data           2  fan_pro.o(.data)
    PR_T4                                    0x200000d8   Data           2  fan_pro.o(.data)
    Von_CONT                                 0x200000dc   Data           1  menu.o(.data)
    oldmode                                  0x200000dd   Data           1  menu.o(.data)
    SWDelay                                  0x200000de   Data           2  menu.o(.data)
    Setcontr_ADDR                            0x200000e4   Data           1  me_scpi.o(.data)
    ADC1_Buffer                              0x200000e8   Data         200  adc.o(.bss)
    ADC_NTC_Filt                             0x200001b0   Data         100  adc.o(.bss)
    ADC_NTC1_Filt                            0x20000214   Data         100  adc.o(.bss)
    Correct_Parametet                        0x20000278   Data         104  modbus.o(.bss)
    Correct_Strong                           0x200002e0   Data         104  modbus.o(.bss)
    coefficient                              0x20000348   Data          13  modbus.o(.bss)
    Run_Control                              0x20000358   Data         220  modbus.o(.bss)
    Transition_Date                          0x20000434   Data          40  modbus.o(.bss)
    UART_Buffer_Rece                         0x2000045c   Data         200  usart.o(.bss)
    UART_Buffer_Send                         0x20000524   Data          20  usart.o(.bss)
    AD7655_VMON                              0x20000538   Data        1000  ad7655.o(.bss)
    AD7655_IMON                              0x20000920   Data        1000  ad7655.o(.bss)
    g_tAD7606                                0x20000d08   Data          18  ad7655.o(.bss)
    g_tAdcFifo                               0x20000d1a   Data        4104  ad7655.o(.bss)
    __libspace_start                         0x20002cc4   Data          96  libspace.o(.bss)
    __temporary_stack_top$libspace           0x20002d24   Data           0  libspace.o(.bss)



==============================================================================

Memory Map of the image

  Image Entry point : 0x08000131

  Load Region LR_IROM1 (Base: 0x08000000, Size: 0x0000d0dc, Max: 0x00040000, ABSOLUTE)

    Execution Region ER_IROM1 (Exec base: 0x08000000, Load base: 0x08000000, Size: 0x0000cff4, Max: 0x00040000, ABSOLUTE)

    Exec Addr    Load Addr    Size         Type   Attr      Idx    E Section Name        Object

    0x08000000   0x08000000   0x00000130   Data   RO           19    RESET               startup_stm32f10x_hd.o
    0x08000130   0x08000130   0x00000008   Code   RO          897  * !!!main             c_w.l(__main.o)
    0x08000138   0x08000138   0x00000034   Code   RO         1175    !!!scatter          c_w.l(__scatter.o)
    0x0800016c   0x0800016c   0x0000001a   Code   RO         1177    !!handler_copy      c_w.l(__scatter_copy.o)
    0x08000186   0x08000186   0x00000002   PAD
    0x08000188   0x08000188   0x0000001c   Code   RO         1179    !!handler_zi        c_w.l(__scatter_zi.o)
    0x080001a4   0x080001a4   0x00000002   Code   RO         1052    .ARM.Collect$$libinit$$00000000  c_w.l(libinit.o)
    0x080001a6   0x080001a6   0x00000000   Code   RO         1054    .ARM.Collect$$libinit$$00000002  c_w.l(libinit2.o)
    0x080001a6   0x080001a6   0x00000000   Code   RO         1056    .ARM.Collect$$libinit$$00000004  c_w.l(libinit2.o)
    0x080001a6   0x080001a6   0x00000000   Code   RO         1059    .ARM.Collect$$libinit$$0000000A  c_w.l(libinit2.o)
    0x080001a6   0x080001a6   0x00000000   Code   RO         1061    .ARM.Collect$$libinit$$0000000C  c_w.l(libinit2.o)
    0x080001a6   0x080001a6   0x00000000   Code   RO         1063    .ARM.Collect$$libinit$$0000000E  c_w.l(libinit2.o)
    0x080001a6   0x080001a6   0x00000000   Code   RO         1066    .ARM.Collect$$libinit$$00000011  c_w.l(libinit2.o)
    0x080001a6   0x080001a6   0x00000000   Code   RO         1068    .ARM.Collect$$libinit$$00000013  c_w.l(libinit2.o)
    0x080001a6   0x080001a6   0x00000000   Code   RO         1070    .ARM.Collect$$libinit$$00000015  c_w.l(libinit2.o)
    0x080001a6   0x080001a6   0x00000000   Code   RO         1072    .ARM.Collect$$libinit$$00000017  c_w.l(libinit2.o)
    0x080001a6   0x080001a6   0x00000000   Code   RO         1074    .ARM.Collect$$libinit$$00000019  c_w.l(libinit2.o)
    0x080001a6   0x080001a6   0x00000000   Code   RO         1076    .ARM.Collect$$libinit$$0000001B  c_w.l(libinit2.o)
    0x080001a6   0x080001a6   0x00000000   Code   RO         1078    .ARM.Collect$$libinit$$0000001D  c_w.l(libinit2.o)
    0x080001a6   0x080001a6   0x00000000   Code   RO         1080    .ARM.Collect$$libinit$$0000001F  c_w.l(libinit2.o)
    0x080001a6   0x080001a6   0x00000000   Code   RO         1082    .ARM.Collect$$libinit$$00000021  c_w.l(libinit2.o)
    0x080001a6   0x080001a6   0x00000000   Code   RO         1084    .ARM.Collect$$libinit$$00000023  c_w.l(libinit2.o)
    0x080001a6   0x080001a6   0x00000000   Code   RO         1086    .ARM.Collect$$libinit$$00000025  c_w.l(libinit2.o)
    0x080001a6   0x080001a6   0x00000000   Code   RO         1090    .ARM.Collect$$libinit$$0000002C  c_w.l(libinit2.o)
    0x080001a6   0x080001a6   0x00000000   Code   RO         1092    .ARM.Collect$$libinit$$0000002E  c_w.l(libinit2.o)
    0x080001a6   0x080001a6   0x00000000   Code   RO         1094    .ARM.Collect$$libinit$$00000030  c_w.l(libinit2.o)
    0x080001a6   0x080001a6   0x00000000   Code   RO         1096    .ARM.Collect$$libinit$$00000032  c_w.l(libinit2.o)
    0x080001a6   0x080001a6   0x00000002   Code   RO         1097    .ARM.Collect$$libinit$$00000033  c_w.l(libinit2.o)
    0x080001a8   0x080001a8   0x00000002   Code   RO         1125    .ARM.Collect$$libshutdown$$00000000  c_w.l(libshutdown.o)
    0x080001aa   0x080001aa   0x00000000   Code   RO         1134    .ARM.Collect$$libshutdown$$00000002  c_w.l(libshutdown2.o)
    0x080001aa   0x080001aa   0x00000000   Code   RO         1136    .ARM.Collect$$libshutdown$$00000004  c_w.l(libshutdown2.o)
    0x080001aa   0x080001aa   0x00000000   Code   RO         1139    .ARM.Collect$$libshutdown$$00000007  c_w.l(libshutdown2.o)
    0x080001aa   0x080001aa   0x00000000   Code   RO         1142    .ARM.Collect$$libshutdown$$0000000A  c_w.l(libshutdown2.o)
    0x080001aa   0x080001aa   0x00000000   Code   RO         1144    .ARM.Collect$$libshutdown$$0000000C  c_w.l(libshutdown2.o)
    0x080001aa   0x080001aa   0x00000000   Code   RO         1147    .ARM.Collect$$libshutdown$$0000000F  c_w.l(libshutdown2.o)
    0x080001aa   0x080001aa   0x00000002   Code   RO         1148    .ARM.Collect$$libshutdown$$00000010  c_w.l(libshutdown2.o)
    0x080001ac   0x080001ac   0x00000000   Code   RO          935    .ARM.Collect$$rtentry$$00000000  c_w.l(__rtentry.o)
    0x080001ac   0x080001ac   0x00000000   Code   RO          967    .ARM.Collect$$rtentry$$00000002  c_w.l(__rtentry2.o)
    0x080001ac   0x080001ac   0x00000006   Code   RO          979    .ARM.Collect$$rtentry$$00000004  c_w.l(__rtentry4.o)
    0x080001b2   0x080001b2   0x00000000   Code   RO          969    .ARM.Collect$$rtentry$$00000009  c_w.l(__rtentry2.o)
    0x080001b2   0x080001b2   0x00000004   Code   RO          970    .ARM.Collect$$rtentry$$0000000A  c_w.l(__rtentry2.o)
    0x080001b6   0x080001b6   0x00000000   Code   RO          972    .ARM.Collect$$rtentry$$0000000C  c_w.l(__rtentry2.o)
    0x080001b6   0x080001b6   0x00000008   Code   RO          973    .ARM.Collect$$rtentry$$0000000D  c_w.l(__rtentry2.o)
    0x080001be   0x080001be   0x00000002   Code   RO         1098    .ARM.Collect$$rtexit$$00000000  c_w.l(rtexit.o)
    0x080001c0   0x080001c0   0x00000000   Code   RO         1105    .ARM.Collect$$rtexit$$00000002  c_w.l(rtexit2.o)
    0x080001c0   0x080001c0   0x00000004   Code   RO         1106    .ARM.Collect$$rtexit$$00000003  c_w.l(rtexit2.o)
    0x080001c4   0x080001c4   0x00000006   Code   RO         1107    .ARM.Collect$$rtexit$$00000004  c_w.l(rtexit2.o)
    0x080001ca   0x080001ca   0x00000002   PAD
    0x080001cc   0x080001cc   0x00000040   Code   RO           20    .text               startup_stm32f10x_hd.o
    0x0800020c   0x0800020c   0x000000dc   Code   RO           24    .text               misc.o
    0x080002e8   0x080002e8   0x0000044e   Code   RO          119    .text               stm32f10x_adc.o
    0x08000736   0x08000736   0x00000002   PAD
    0x08000738   0x08000738   0x00000254   Code   RO          203    .text               stm32f10x_dma.o
    0x0800098c   0x0800098c   0x000005bc   Code   RO          227    .text               stm32f10x_flash.o
    0x08000f48   0x08000f48   0x0000060c   Code   RO          239    .text               stm32f10x_fsmc.o
    0x08001554   0x08001554   0x0000035c   Code   RO          251    .text               stm32f10x_gpio.o
    0x080018b0   0x080018b0   0x00000040   Code   RO          275    .text               stm32f10x_iwdg.o
    0x080018f0   0x080018f0   0x000003a4   Code   RO          299    .text               stm32f10x_rcc.o
    0x08001c94   0x08001c94   0x00000e1a   Code   RO          349    .text               stm32f10x_tim.o
    0x08002aae   0x08002aae   0x00000002   PAD
    0x08002ab0   0x08002ab0   0x00000408   Code   RO          361    .text               stm32f10x_usart.o
    0x08002eb8   0x08002eb8   0x00000090   Code   RO          385    .text               main.o
    0x08002f48   0x08002f48   0x000005f4   Code   RO          476    .text               stm32f10x_it.o
    0x0800353c   0x0800353c   0x000001e0   Code   RO          503    .text               system_stm32f10x.o
    0x0800371c   0x0800371c   0x0000024c   Code   RO          521    .text               adc.o
    0x08003968   0x08003968   0x00000260   Code   RO          541    .text               at24c01.o
    0x08003bc8   0x08003bc8   0x000000b4   Code   RO          580    .text               bsp_systick.o
    0x08003c7c   0x08003c7c   0x00000074   Code   RO          602    .text               clock.o
    0x08003cf0   0x08003cf0   0x00000104   Code   RO          621    .text               dac.o
    0x08003df4   0x08003df4   0x00003460   Code   RO          633    .text               flash.o
    0x08007254   0x08007254   0x000000e4   Code   RO          652    .text               gpio.o
    0x08007338   0x08007338   0x0000023c   Code   RO          664    .text               iic_24c01.o
    0x08007574   0x08007574   0x00000020   Code   RO          676    .text               iwdg.o
    0x08007594   0x08007594   0x000041f8   Code   RO          704    .text               modbus.o
    0x0800b78c   0x0800b78c   0x00000070   Code   RO          724    .text               tim6.o
    0x0800b7fc   0x0800b7fc   0x0000046c   Code   RO          736    .text               usart.o
    0x0800bc68   0x0800bc68   0x000005c8   Code   RO          763    .text               ad7655.o
    0x0800c230   0x0800c230   0x000002c8   Code   RO          786    .text               fan_pro.o
    0x0800c4f8   0x0800c4f8   0x000006ac   Code   RO          805    .text               menu.o
    0x0800cba4   0x0800cba4   0x00000002   Code   RO          856    .text               c_w.l(use_no_semi_2.o)
    0x0800cba6   0x0800cba6   0x0000003e   Code   RO          893    .text               c_w.l(strlen.o)
    0x0800cbe4   0x0800cbe4   0x00000006   Code   RO          895    .text               c_w.l(heapauxi.o)
    0x0800cbea   0x0800cbea   0x00000002   Code   RO          933    .text               c_w.l(use_no_semi.o)
    0x0800cbec   0x0800cbec   0x00000008   Code   RO          963    .text               c_w.l(libspace.o)
    0x0800cbf4   0x0800cbf4   0x0000004a   Code   RO         1034    .text               c_w.l(sys_stackheap_outer.o)
    0x0800cc3e   0x0800cc3e   0x00000012   Code   RO         1043    .text               c_w.l(exit.o)
    0x0800cc50   0x0800cc50   0x00000184   Code   RO          916    x$fpl$fdiv          fz_ws.l(fdiv.o)
    0x0800cdd4   0x0800cdd4   0x0000003e   Code   RO          919    x$fpl$ffixu         fz_ws.l(ffixu.o)
    0x0800ce12   0x0800ce12   0x00000002   PAD
    0x0800ce14   0x0800ce14   0x00000026   Code   RO          923    x$fpl$ffltu         fz_ws.l(fflt_clz.o)
    0x0800ce3a   0x0800ce3a   0x00000002   PAD
    0x0800ce3c   0x0800ce3c   0x00000102   Code   RO          929    x$fpl$fmul          fz_ws.l(fmul.o)
    0x0800cf3e   0x0800cf3e   0x0000008c   Code   RO          958    x$fpl$fnaninf       fz_ws.l(fnaninf.o)
    0x0800cfca   0x0800cfca   0x0000000a   Code   RO          960    x$fpl$fretinf       fz_ws.l(fretinf.o)
    0x0800cfd4   0x0800cfd4   0x00000000   Code   RO          962    x$fpl$usenofp       fz_ws.l(usenofp.o)
    0x0800cfd4   0x0800cfd4   0x00000020   Data   RO         1173    Region$$Table       anon$$obj.o


    Execution Region RW_IRAM1 (Exec base: 0x20000000, Load base: 0x0800cff4, Size: 0x00003728, Max: 0x0000c000, ABSOLUTE)

    Exec Addr    Load Addr    Size         Type   Attr      Idx    E Section Name        Object

    0x20000000   0x0800cff4   0x00000014   Data   RW          300    .data               stm32f10x_rcc.o
    0x20000014   0x0800d008   0x00000020   Data   RW          386    .data               main.o
    0x20000034   0x0800d028   0x0000000d   Data   RW          477    .data               stm32f10x_it.o
    0x20000041   0x0800d035   0x00000003   PAD
    0x20000044   0x0800d038   0x00000014   Data   RW          504    .data               system_stm32f10x.o
    0x20000058   0x0800d04c   0x0000000c   Data   RW          523    .data               adc.o
    0x20000064   0x0800d058   0x00000001   Data   RW          542    .data               at24c01.o
    0x20000065   0x0800d059   0x00000003   PAD
    0x20000068   0x0800d05c   0x00000004   Data   RW          581    .data               bsp_systick.o
    0x2000006c   0x0800d060   0x00000001   Data   RW          603    .data               clock.o
    0x2000006d   0x0800d061   0x00000003   PAD
    0x20000070   0x0800d064   0x00000004   Data   RW          634    .data               flash.o
    0x20000074   0x0800d068   0x00000036   Data   RW          706    .data               modbus.o
    0x200000aa   0x0800d09e   0x00000002   PAD
    0x200000ac   0x0800d0a0   0x00000008   Data   RW          738    .data               usart.o
    0x200000b4   0x0800d0a8   0x00000018   Data   RW          765    .data               ad7655.o
    0x200000cc   0x0800d0c0   0x0000000e   Data   RW          787    .data               fan_pro.o
    0x200000da   0x0800d0ce   0x00000002   PAD
    0x200000dc   0x0800d0d0   0x00000008   Data   RW          806    .data               menu.o
    0x200000e4   0x0800d0d8   0x00000001   Data   RW          826    .data               me_scpi.o
    0x200000e5   0x0800d0d9   0x00000003   PAD
    0x200000e8        -       0x00000190   Zero   RW          522    .bss                adc.o
    0x20000278        -       0x000001e4   Zero   RW          705    .bss                modbus.o
    0x2000045c        -       0x000000dc   Zero   RW          737    .bss                usart.o
    0x20000538        -       0x0000278c   Zero   RW          764    .bss                ad7655.o
    0x20002cc4        -       0x00000060   Zero   RW          964    .bss                c_w.l(libspace.o)
    0x20002d24   0x0800d0d9   0x00000004   PAD
    0x20002d28        -       0x00000200   Zero   RW           18    HEAP                startup_stm32f10x_hd.o
    0x20002f28        -       0x00000800   Zero   RW           17    STACK               startup_stm32f10x_hd.o


==============================================================================

Image component sizes


      Code (inc. data)   RO Data    RW Data    ZI Data      Debug   Object Name

      1480        118          0         24      10124       5785   ad7655.o
       588         42          0         12        400       2033   adc.o
       608          6          0          1          0       2625   at24c01.o
       180         18          0          4          0      16245   bsp_systick.o
       116          6          0          1          0        679   clock.o
         0          0          0          0          0       4588   core_cm3.o
       260         10          0          0          0        723   dac.o
       712         52          0         14          0       1280   fan_pro.o
     13408        172          0          4          0       6660   flash.o
       228         28          0          0          0        528   gpio.o
       572          8          0          0          0       1992   iic_24c01.o
        32          0          0          0          0        416   iwdg.o
       144         20          0         32          0     215412   main.o
         0          0          0          1          0        851   me_scpi.o
      1708         84          0          8          0       2322   menu.o
       220         22          0          0          0     283049   misc.o
     16888        900          0         54        484      10595   modbus.o
        64         26        304          0       2560        792   startup_stm32f10x_hd.o
      1102         26          0          0          0      10977   stm32f10x_adc.o
       596          8          0          0          0       4298   stm32f10x_dma.o
      1468         34          0          0          0       8142   stm32f10x_flash.o
      1548         18          0          0          0       5311   stm32f10x_fsmc.o
       860         38          0          0          0       5669   stm32f10x_gpio.o
      1524         70          0         13          0       3074   stm32f10x_it.o
        64          6          0          0          0       1245   stm32f10x_iwdg.o
       932         36          0         20          0       8812   stm32f10x_rcc.o
      3610         88          0          0          0      22776   stm32f10x_tim.o
      1032         22          0          0          0       8392   stm32f10x_usart.o
       480         38          0         20          0       1707   system_stm32f10x.o
       112          6          0          0          0        626   tim6.o
      1132         48          0          8        220       5149   usart.o

    ----------------------------------------------------------------------
     51672       1950        336        232      13788     642753   Object Totals
         0          0         32          0          0          0   (incl. Generated)
         4          0          0         16          0          0   (incl. Padding)

    ----------------------------------------------------------------------

      Code (inc. data)   RO Data    RW Data    ZI Data      Debug   Library Member Name

         8          0          0          0          0         68   __main.o
         0          0          0          0          0          0   __rtentry.o
        12          0          0          0          0          0   __rtentry2.o
         6          0          0          0          0          0   __rtentry4.o
        52          8          0          0          0          0   __scatter.o
        26          0          0          0          0          0   __scatter_copy.o
        28          0          0          0          0          0   __scatter_zi.o
        18          0          0          0          0         80   exit.o
         6          0          0          0          0        152   heapauxi.o
         2          0          0          0          0          0   libinit.o
         2          0          0          0          0          0   libinit2.o
         2          0          0          0          0          0   libshutdown.o
         2          0          0          0          0          0   libshutdown2.o
         8          4          0          0         96         68   libspace.o
         2          0          0          0          0          0   rtexit.o
        10          0          0          0          0          0   rtexit2.o
        62          0          0          0          0         76   strlen.o
        74          0          0          0          0         80   sys_stackheap_outer.o
         2          0          0          0          0         68   use_no_semi.o
         2          0          0          0          0         68   use_no_semi_2.o
       388         76          0          0          0         96   fdiv.o
        62          4          0          0          0         84   ffixu.o
        38          0          0          0          0         68   fflt_clz.o
       258          4          0          0          0         84   fmul.o
       140          4          0          0          0         84   fnaninf.o
        10          0          0          0          0         68   fretinf.o
         0          0          0          0          0          0   usenofp.o

    ----------------------------------------------------------------------
      1228        100          0          0        100       1144   Library Totals
         8          0          0          0          4          0   (incl. Padding)

    ----------------------------------------------------------------------

      Code (inc. data)   RO Data    RW Data    ZI Data      Debug   Library Name

       324         12          0          0         96        660   c_w.l
       896         88          0          0          0        484   fz_ws.l

    ----------------------------------------------------------------------
      1228        100          0          0        100       1144   Library Totals

    ----------------------------------------------------------------------

==============================================================================


      Code (inc. data)   RO Data    RW Data    ZI Data      Debug   

     52900       2050        336        232      13888     640669   Grand Totals
     52900       2050        336        232      13888     640669   ELF Image Totals
     52900       2050        336        232          0          0   ROM Totals

==============================================================================

    Total RO  Size (Code + RO Data)                53236 (  51.99kB)
    Total RW  Size (RW Data + ZI Data)             14120 (  13.79kB)
    Total ROM Size (Code + RO Data + RW Data)      53468 (  52.21kB)

==============================================================================

